[INFO] Error stacktraces are turned on.
[INFO] Scanning for projects...
[INFO] 
[INFO] -----------< org.nonprofitbookkeeping:sca-ledger-h2-jakarta >-----------
[INFO] Building SCA Ledger (H2 + Jakarta) 0.2.0-SNAPSHOT
[INFO]   from pom.xml
[INFO] --------------------------------[ jar ]---------------------------------
[INFO] 
[INFO] --- resources:3.4.0:resources (default-resources) @ sca-ledger-h2-jakarta ---
[INFO] Copying 36 resources from src/main/resources to target/classes
[INFO] 
[INFO] --- compiler:3.13.0:compile (default-compile) @ sca-ledger-h2-jakarta ---
[INFO] Recompiling the module because of changed source code.
[INFO] Compiling 381 source files with javac [debug release 17] to target/classes
[INFO] /home/runner/work/sca-jakarta-h2/sca-jakarta-h2/src/main/java/org/nonprofitbookkeeping/ui/UserAdminPanel.java: Some input files use unchecked or unsafe operations.
[INFO] /home/runner/work/sca-jakarta-h2/sca-jakarta-h2/src/main/java/org/nonprofitbookkeeping/ui/UserAdminPanel.java: Recompile with -Xlint:unchecked for details.
[INFO] 
[INFO] --- resources:3.4.0:testResources (default-testResources) @ sca-ledger-h2-jakarta ---
[INFO] Copying 51 resources from src/test/resources to target/test-classes
[INFO] 
[INFO] --- compiler:3.13.0:testCompile (default-testCompile) @ sca-ledger-h2-jakarta ---
[INFO] Recompiling the module because of changed dependency.
[INFO] Compiling 163 source files with javac [debug release 17] to target/test-classes
[INFO] /home/runner/work/sca-jakarta-h2/sca-jakarta-h2/src/test/java/org/nonprofitbookkeeping/ui/CompanyTableStateBinderTest.java: /home/runner/work/sca-jakarta-h2/sca-jakarta-h2/src/test/java/org/nonprofitbookkeeping/ui/CompanyTableStateBinderTest.java uses or overrides a deprecated API.
[INFO] /home/runner/work/sca-jakarta-h2/sca-jakarta-h2/src/test/java/org/nonprofitbookkeeping/ui/CompanyTableStateBinderTest.java: Recompile with -Xlint:deprecation for details.
[INFO] /home/runner/work/sca-jakarta-h2/sca-jakarta-h2/src/test/java/org/nonprofitbookkeeping/ui/CompanyTableStateBinderTest.java: /home/runner/work/sca-jakarta-h2/sca-jakarta-h2/src/test/java/org/nonprofitbookkeeping/ui/CompanyTableStateBinderTest.java uses unchecked or unsafe operations.
[INFO] /home/runner/work/sca-jakarta-h2/sca-jakarta-h2/src/test/java/org/nonprofitbookkeeping/ui/CompanyTableStateBinderTest.java: Recompile with -Xlint:unchecked for details.
[INFO] 
[INFO] --- surefire:3.2.5:test (default-test) @ sca-ledger-h2-jakarta ---
[INFO] Surefire report directory: /home/runner/work/sca-jakarta-h2/sca-jakarta-h2/target/surefire-reports
[INFO] Using auto detected provider org.apache.maven.surefire.junitplatform.JUnitPlatformProvider
[INFO] 
[INFO] -------------------------------------------------------
[INFO]  T E S T S
[INFO] -------------------------------------------------------
[INFO] Running org.nonprofitbookkeeping.ui.SclxExportCoordinatorTest
[WARNING] Tests run: 6, Failures: 0, Errors: 0, Skipped: 3, Time elapsed: 0.117 s -- in org.nonprofitbookkeeping.ui.SclxExportCoordinatorTest
[INFO] Running org.nonprofitbookkeeping.ui.SclxExportMenuInstallerTest
[WARNING] Tests run: 1, Failures: 0, Errors: 0, Skipped: 1, Time elapsed: 0.010 s -- in org.nonprofitbookkeeping.ui.SclxExportMenuInstallerTest
[INFO] Running org.nonprofitbookkeeping.ui.SclxExportProductionRouteSourceTest
[INFO] Tests run: 1, Failures: 0, Errors: 0, Skipped: 0, Time elapsed: 0.008 s -- in org.nonprofitbookkeeping.ui.SclxExportProductionRouteSourceTest
[INFO] 
[INFO] Results:
[INFO] 
[WARNING] Tests run: 8, Failures: 0, Errors: 0, Skipped: 4
[INFO] 
[INFO] ------------------------------------------------------------------------
[INFO] BUILD SUCCESS
[INFO] ------------------------------------------------------------------------
[INFO] Total time:  9.430 s
[INFO] Finished at: 2026-07-27T05:13:47Z
[INFO] ------------------------------------------------------------------------
MAVEN_EXIT_CODE=0
