[INFO] Error stacktraces are turned on.
[INFO] Scanning for projects...
[INFO] 
[INFO] -----------< org.nonprofitbookkeeping:sca-ledger-h2-jakarta >-----------
[INFO] Building SCA Ledger (H2 + Jakarta) 0.2.0-SNAPSHOT
[INFO]   from pom.xml
[INFO] --------------------------------[ jar ]---------------------------------
[INFO] 
[INFO] --- resources:3.4.0:resources (default-resources) @ sca-ledger-h2-jakarta ---
[INFO] Copying 36 resources from src/main/resources to target/classes
[INFO] 
[INFO] --- compiler:3.13.0:compile (default-compile) @ sca-ledger-h2-jakarta ---
[INFO] Recompiling the module because of changed source code.
[INFO] Compiling 371 source files with javac [debug release 17] to target/classes
[INFO] /home/runner/work/sca-jakarta-h2/sca-jakarta-h2/src/main/java/org/nonprofitbookkeeping/ui/UserAdminPanel.java: Some input files use unchecked or unsafe operations.
[INFO] /home/runner/work/sca-jakarta-h2/sca-jakarta-h2/src/main/java/org/nonprofitbookkeeping/ui/UserAdminPanel.java: Recompile with -Xlint:unchecked for details.
[INFO] 
[INFO] --- resources:3.4.0:testResources (default-testResources) @ sca-ledger-h2-jakarta ---
[INFO] Copying 51 resources from src/test/resources to target/test-classes
[INFO] 
[INFO] --- compiler:3.13.0:testCompile (default-testCompile) @ sca-ledger-h2-jakarta ---
[INFO] Recompiling the module because of changed dependency.
[INFO] Compiling 157 source files with javac [debug release 17] to target/test-classes
[INFO] /home/runner/work/sca-jakarta-h2/sca-jakarta-h2/src/test/java/org/nonprofitbookkeeping/ui/CompanyTableStateBinderTest.java: /home/runner/work/sca-jakarta-h2/sca-jakarta-h2/src/test/java/org/nonprofitbookkeeping/ui/CompanyTableStateBinderTest.java uses or overrides a deprecated API.
[INFO] /home/runner/work/sca-jakarta-h2/sca-jakarta-h2/src/test/java/org/nonprofitbookkeeping/ui/CompanyTableStateBinderTest.java: Recompile with -Xlint:deprecation for details.
[INFO] /home/runner/work/sca-jakarta-h2/sca-jakarta-h2/src/test/java/org/nonprofitbookkeeping/ui/CompanyTableStateBinderTest.java: /home/runner/work/sca-jakarta-h2/sca-jakarta-h2/src/test/java/org/nonprofitbookkeeping/ui/CompanyTableStateBinderTest.java uses unchecked or unsafe operations.
[INFO] /home/runner/work/sca-jakarta-h2/sca-jakarta-h2/src/test/java/org/nonprofitbookkeeping/ui/CompanyTableStateBinderTest.java: Recompile with -Xlint:unchecked for details.
[INFO] 
[INFO] --- surefire:3.2.5:test (default-test) @ sca-ledger-h2-jakarta ---
[INFO] Surefire report directory: /home/runner/work/sca-jakarta-h2/sca-jakarta-h2/target/surefire-reports
[INFO] Using auto detected provider org.apache.maven.surefire.junitplatform.JUnitPlatformProvider
[INFO] 
[INFO] -------------------------------------------------------
[INFO]  T E S T S
[INFO] -------------------------------------------------------
[INFO] Running org.nonprofitbookkeeping.interchange.sclx.SclxFinancialSnapshotQueryServiceTest
[NPBK] Preparing database: /tmp/junit7934384502959445749/financial-snapshot
[NPBK] Flyway migration starting.
[NPBK] JDBC URL: jdbc:h2:file:/tmp/junit7934384502959445749/financial-snapshot;MODE=PostgreSQL;DATABASE_TO_LOWER=TRUE;DEFAULT_NULL_ORDERING=HIGH;INIT=CREATE SCHEMA IF NOT EXISTS PUBLIC\;SET SCHEMA PUBLIC
02:17:51.699 INFO  [main] org.flywaydb.core.FlywayExecutor - Database: jdbc:h2:file:/tmp/junit7934384502959445749/financial-snapshot (H2 2.2)
02:17:51.741 INFO  [main] o.f.c.i.s.JdbcTableSchemaHistory - Schema history table "public"."flyway_schema_history" does not exist yet
02:17:51.745 INFO  [main] o.f.core.internal.command.DbValidate - Successfully validated 26 migrations (execution time 00:00.024s)
02:17:51.762 INFO  [main] o.f.c.i.s.JdbcTableSchemaHistory - Creating Schema History table "public"."flyway_schema_history" ...
02:17:51.815 INFO  [main] o.f.core.internal.command.DbMigrate - Current version of schema "public": << Empty Schema >>
02:17:51.858 INFO  [main] o.f.core.internal.command.DbMigrate - Migrating schema "public" to version "1 - init"
02:17:51.938 INFO  [main] o.f.core.internal.command.DbMigrate - Migrating schema "public" to version "2 - schedule items"
02:17:51.953 INFO  [main] o.f.core.internal.command.DbMigrate - Migrating schema "public" to version "3 - subtype schedule defaults"
02:17:51.964 INFO  [main] o.f.core.internal.command.DbMigrate - Migrating schema "public" to version "4 - journal open item core"
02:17:51.979 INFO  [main] o.f.core.internal.command.DbMigrate - Migrating schema "public" to version "5 - open item concurrency and fks"
02:17:51.994 INFO  [main] o.f.core.internal.command.DbMigrate - Migrating schema "public" to version "6 - workflow run records"
02:17:52.003 INFO  [main] o.f.core.internal.command.DbMigrate - Migrating schema "public" to version "7 - workflow run status constraints"
02:17:52.011 INFO  [main] o.f.core.internal.command.DbMigrate - Migrating schema "public" to version "8 - approval audit records"
02:17:52.018 INFO  [main] o.f.core.internal.command.DbMigrate - Migrating schema "public" to version "45 - add budget category"
02:17:52.046 INFO  [main] o.f.core.internal.command.DbMigrate - Migrating schema "public" to version "46 - company user admin foundation"
02:17:52.073 INFO  [main] o.f.core.internal.command.DbMigrate - Migrating schema "public" to version "47 - accounting period and audit"
02:17:52.088 INFO  [main] o.f.core.internal.command.DbMigrate - Migrating schema "public" to version "48 - transaction corrections"
02:17:52.122 INFO  [main] o.f.core.internal.command.DbMigrate - Migrating schema "public" to version "49 - txn reconciliation protection"
02:17:52.133 INFO  [main] o.f.core.internal.command.DbMigrate - Migrating schema "public" to version "50 - budget plan and line"
02:17:52.151 INFO  [main] o.f.core.internal.command.DbMigrate - Migrating schema "public" to version "51 - bank import batch and statement line"
02:17:52.175 INFO  [main] o.f.core.internal.command.DbMigrate - Migrating schema "public" to version "52 - bank and configured bank account"
02:17:52.228 INFO  [main] o.f.core.internal.command.DbMigrate - Migrating schema "public" to version "53 - bank import review all rows"
02:17:52.235 INFO  [main] o.f.core.internal.command.DbMigrate - Migrating schema "public" to version "54 - txn split cleared state"
02:17:52.265 INFO  [main] o.f.core.internal.command.DbMigrate - Migrating schema "public" to version "55 - fixed assets and depreciation"
02:17:52.284 INFO  [main] o.f.core.internal.command.DbMigrate - Migrating schema "public" to version "56 - inventory items and movements"
02:17:52.299 INFO  [main] o.f.core.internal.command.DbMigrate - Migrating schema "public" to version "57 - bank reconciliation workspace"
02:17:52.313 INFO  [main] o.f.core.internal.command.DbMigrate - Migrating schema "public" to version "58 - txn supplemental lines"
02:17:52.333 INFO  [main] o.f.core.internal.command.DbMigrate - Migrating schema "public" to version "59 - company ui preferences and state"
02:17:52.341 INFO  [main] o.f.core.internal.command.DbMigrate - Migrating schema "public" to version "60 - period close ranges"
02:17:52.372 INFO  [main] o.f.core.internal.command.DbMigrate - Migrating schema "public" to version "61 - company ownership and interchange identity"
02:17:52.465 INFO  [main] o.f.core.internal.command.DbMigrate - Migrating schema "public" to version "62 - txn portable identity"
02:17:52.492 INFO  [main] o.f.core.internal.command.DbMigrate - Successfully applied 26 migrations to schema "public", now at version v62 (execution time 00:00.418s)
[NPBK] Flyway migration complete.
[NPBK] Creating JPA EntityManagerFactory for selected database.
2026-07-27T02:17:52.571776034Z main ERROR Log4j2 could not find a logging implementation. Please add log4j-core to the classpath. Using SimpleLogger to log to the console...
02:17:53.316 INFO  [main] com.zaxxer.hikari.HikariDataSource - HikariPool-1 - Starting...
02:17:53.388 INFO  [main] com.zaxxer.hikari.HikariDataSource - HikariPool-1 - Start completed.
[NPBK] JPA EntityManagerFactory created for selected database.
ERROR SqlExceptionHelper Check constraint violation: "ck_budget_plan_activation: "; SQL statement:
insert into budget_plan (activated_at,archived_at,company_id,created_at,fiscal_year,name,notes,period_end,period_start,status,updated_at,version_code,id) values (?,?,?,?,?,?,?,?,?,?,?,?,default) [23513-224]
02:17:55.010 INFO  [main] com.zaxxer.hikari.HikariDataSource - HikariPool-1 - Shutdown initiated...
02:17:55.022 INFO  [main] com.zaxxer.hikari.HikariDataSource - HikariPool-1 - Shutdown completed.
[ERROR] Tests run: 1, Failures: 0, Errors: 1, Skipped: 0, Time elapsed: 4.334 s <<< FAILURE! -- in org.nonprofitbookkeeping.interchange.sclx.SclxFinancialSnapshotQueryServiceTest
[ERROR] org.nonprofitbookkeeping.interchange.sclx.SclxFinancialSnapshotQueryServiceTest.mapsSelectedCompanyBudgetsAndCanonicalTransactions -- Time elapsed: 4.310 s <<< ERROR!
org.hibernate.exception.ConstraintViolationException: 
could not execute statement [Check constraint violation: "ck_budget_plan_activation: "; SQL statement:
insert into budget_plan (activated_at,archived_at,company_id,created_at,fiscal_year,name,notes,period_end,period_start,status,updated_at,version_code,id) values (?,?,?,?,?,?,?,?,?,?,?,?,default) [23513-224]] [insert into budget_plan (activated_at,archived_at,company_id,created_at,fiscal_year,name,notes,period_end,period_start,status,updated_at,version_code,id) values (?,?,?,?,?,?,?,?,?,?,?,?,default)]
	at org.hibernate.exception.internal.SQLExceptionTypeDelegate.convert(SQLExceptionTypeDelegate.java:62)
	at org.hibernate.exception.internal.StandardSQLExceptionConverter.convert(StandardSQLExceptionConverter.java:58)
	at org.hibernate.engine.jdbc.spi.SqlExceptionHelper.convert(SqlExceptionHelper.java:108)
	at org.hibernate.engine.jdbc.internal.ResultSetReturnImpl.executeUpdate(ResultSetReturnImpl.java:197)
	at org.hibernate.id.insert.GetGeneratedKeysDelegate.performInsert(GetGeneratedKeysDelegate.java:107)
	at org.hibernate.engine.jdbc.mutation.internal.MutationExecutorPostInsertSingleTable.execute(MutationExecutorPostInsertSingleTable.java:100)
	at org.hibernate.persister.entity.mutation.InsertCoordinator.doStaticInserts(InsertCoordinator.java:175)
	at org.hibernate.persister.entity.mutation.InsertCoordinator.coordinateInsert(InsertCoordinator.java:113)
	at org.hibernate.persister.entity.AbstractEntityPersister.insert(AbstractEntityPersister.java:2868)
	at org.hibernate.action.internal.EntityIdentityInsertAction.execute(EntityIdentityInsertAction.java:81)
	at org.hibernate.engine.spi.ActionQueue.execute(ActionQueue.java:670)
	at org.hibernate.engine.spi.ActionQueue.addResolvedEntityInsertAction(ActionQueue.java:291)
	at org.hibernate.engine.spi.ActionQueue.addInsertAction(ActionQueue.java:272)
	at org.hibernate.engine.spi.ActionQueue.addAction(ActionQueue.java:322)
	at org.hibernate.event.internal.AbstractSaveEventListener.addInsertAction(AbstractSaveEventListener.java:386)
	at org.hibernate.event.internal.AbstractSaveEventListener.performSaveOrReplicate(AbstractSaveEventListener.java:300)
	at org.hibernate.event.internal.AbstractSaveEventListener.performSave(AbstractSaveEventListener.java:219)
	at org.hibernate.event.internal.AbstractSaveEventListener.saveWithGeneratedId(AbstractSaveEventListener.java:134)
	at org.hibernate.event.internal.DefaultPersistEventListener.entityIsTransient(DefaultPersistEventListener.java:175)
	at org.hibernate.event.internal.DefaultPersistEventListener.persist(DefaultPersistEventListener.java:93)
	at org.hibernate.event.internal.DefaultPersistEventListener.onPersist(DefaultPersistEventListener.java:77)
	at org.hibernate.event.internal.DefaultPersistEventListener.onPersist(DefaultPersistEventListener.java:54)
	at org.hibernate.event.service.internal.EventListenerGroupImpl.fireEventOnEachListener(EventListenerGroupImpl.java:127)
	at org.hibernate.internal.SessionImpl.firePersist(SessionImpl.java:754)
	at org.hibernate.internal.SessionImpl.persist(SessionImpl.java:738)
	at org.nonprofitbookkeeping.interchange.sclx.SclxFinancialSnapshotQueryServiceTest.seed(SclxFinancialSnapshotQueryServiceTest.java:112)
	at org.nonprofitbookkeeping.interchange.sclx.SclxFinancialSnapshotQueryServiceTest.mapsSelectedCompanyBudgetsAndCanonicalTransactions(SclxFinancialSnapshotQueryServiceTest.java:42)
	at java.base/java.lang.reflect.Method.invoke(Method.java:569)
	at java.base/java.util.ArrayList.forEach(ArrayList.java:1511)
	at java.base/java.util.ArrayList.forEach(ArrayList.java:1511)
Caused by: org.h2.jdbc.JdbcSQLIntegrityConstraintViolationException: Check constraint violation: "ck_budget_plan_activation: "; SQL statement:
insert into budget_plan (activated_at,archived_at,company_id,created_at,fiscal_year,name,notes,period_end,period_start,status,updated_at,version_code,id) values (?,?,?,?,?,?,?,?,?,?,?,?,default) [23513-224]
	at org.h2.message.DbException.getJdbcSQLException(DbException.java:520)
	at org.h2.message.DbException.getJdbcSQLException(DbException.java:489)
	at org.h2.message.DbException.get(DbException.java:223)
	at org.h2.message.DbException.get(DbException.java:199)
	at org.h2.constraint.ConstraintCheck.checkRow(ConstraintCheck.java:110)
	at org.h2.table.Table.fireConstraints(Table.java:1200)
	at org.h2.table.Table.fireBeforeRow(Table.java:1191)
	at org.h2.command.dml.Insert.insertRows(Insert.java:171)
	at org.h2.command.dml.Insert.update(Insert.java:135)
	at org.h2.command.CommandContainer.executeUpdateWithGeneratedKeys(CommandContainer.java:242)
	at org.h2.command.CommandContainer.update(CommandContainer.java:163)
	at org.h2.command.Command.executeUpdate(Command.java:256)
	at org.h2.jdbc.JdbcPreparedStatement.executeUpdateInternal(JdbcPreparedStatement.java:216)
	at org.h2.jdbc.JdbcPreparedStatement.executeUpdate(JdbcPreparedStatement.java:174)
	at com.zaxxer.hikari.pool.ProxyPreparedStatement.executeUpdate(ProxyPreparedStatement.java:61)
	at com.zaxxer.hikari.pool.HikariProxyPreparedStatement.executeUpdate(HikariProxyPreparedStatement.java)
	at org.hibernate.engine.jdbc.internal.ResultSetReturnImpl.executeUpdate(ResultSetReturnImpl.java:194)
	... 26 more

[INFO] 
[INFO] Results:
[INFO] 
[ERROR] Errors: 
[ERROR]   SclxFinancialSnapshotQueryServiceTest.mapsSelectedCompanyBudgetsAndCanonicalTransactions:42->seed:112 » ConstraintViolation could not execute statement [Check constraint violation: "ck_budget_plan_activation: "; SQL statement:
insert into budget_plan (activated_at,archived_at,company_id,created_at,fiscal_year,name,notes,period_end,period_start,status,updated_at,version_code,id) values (?,?,?,?,?,?,?,?,?,?,?,?,default) [23513-224]] [insert into budget_plan (activated_at,archived_at,company_id,created_at,fiscal_year,name,notes,period_end,period_start,status,updated_at,version_code,id) values (?,?,?,?,?,?,?,?,?,?,?,?,default)]
[INFO] 
[ERROR] Tests run: 1, Failures: 0, Errors: 1, Skipped: 0
[INFO] 
[INFO] ------------------------------------------------------------------------
[INFO] BUILD FAILURE
[INFO] ------------------------------------------------------------------------
[INFO] Total time:  16.893 s
[INFO] Finished at: 2026-07-27T02:17:55Z
[INFO] ------------------------------------------------------------------------
[ERROR] Failed to execute goal org.apache.maven.plugins:maven-surefire-plugin:3.2.5:test (default-test) on project sca-ledger-h2-jakarta: 
[ERROR] 
[ERROR] Please refer to /home/runner/work/sca-jakarta-h2/sca-jakarta-h2/target/surefire-reports for the individual test results.
[ERROR] Please refer to dump files (if any exist) [date].dump, [date]-jvmRun[N].dump and [date].dumpstream.
[ERROR] -> [Help 1]
org.apache.maven.lifecycle.LifecycleExecutionException: Failed to execute goal org.apache.maven.plugins:maven-surefire-plugin:3.2.5:test (default-test) on project sca-ledger-h2-jakarta: 

Please refer to /home/runner/work/sca-jakarta-h2/sca-jakarta-h2/target/surefire-reports for the individual test results.
Please refer to dump files (if any exist) [date].dump, [date]-jvmRun[N].dump and [date].dumpstream.
    at org.apache.maven.lifecycle.internal.MojoExecutor.doExecute2 (MojoExecutor.java:333)
    at org.apache.maven.lifecycle.internal.MojoExecutor.doExecute (MojoExecutor.java:316)
    at org.apache.maven.lifecycle.internal.MojoExecutor.execute (MojoExecutor.java:212)
    at org.apache.maven.lifecycle.internal.MojoExecutor.execute (MojoExecutor.java:174)
    at org.apache.maven.lifecycle.internal.MojoExecutor.access$000 (MojoExecutor.java:75)
    at org.apache.maven.lifecycle.internal.MojoExecutor$1.run (MojoExecutor.java:162)
    at org.apache.maven.plugin.DefaultMojosExecutionStrategy.execute (DefaultMojosExecutionStrategy.java:39)
    at org.apache.maven.lifecycle.internal.MojoExecutor.execute (MojoExecutor.java:159)
    at org.apache.maven.lifecycle.internal.LifecycleModuleBuilder.buildProject (LifecycleModuleBuilder.java:105)
    at org.apache.maven.lifecycle.internal.LifecycleModuleBuilder.buildProject (LifecycleModuleBuilder.java:73)
    at org.apache.maven.lifecycle.internal.builder.singlethreaded.SingleThreadedBuilder.build (SingleThreadedBuilder.java:53)
    at org.apache.maven.lifecycle.internal.LifecycleStarter.execute (LifecycleStarter.java:118)
    at org.apache.maven.DefaultMaven.doExecute (DefaultMaven.java:261)
    at org.apache.maven.DefaultMaven.doExecute (DefaultMaven.java:173)
    at org.apache.maven.DefaultMaven.execute (DefaultMaven.java:101)
    at org.apache.maven.cli.MavenCli.execute (MavenCli.java:919)
    at org.apache.maven.cli.MavenCli.doMain (MavenCli.java:285)
    at org.apache.maven.cli.MavenCli.main (MavenCli.java:207)
    at jdk.internal.reflect.NativeMethodAccessorImpl.invoke0 (Native Method)
    at jdk.internal.reflect.NativeMethodAccessorImpl.invoke (NativeMethodAccessorImpl.java:77)
    at jdk.internal.reflect.DelegatingMethodAccessorImpl.invoke (DelegatingMethodAccessorImpl.java:43)
    at java.lang.reflect.Method.invoke (Method.java:569)
    at org.codehaus.plexus.classworlds.launcher.Launcher.launchEnhanced (Launcher.java:255)
    at org.codehaus.plexus.classworlds.launcher.Launcher.launch (Launcher.java:201)
    at org.codehaus.plexus.classworlds.launcher.Launcher.mainWithExitCode (Launcher.java:362)
    at org.codehaus.plexus.classworlds.launcher.Launcher.main (Launcher.java:314)
Caused by: org.apache.maven.plugin.MojoFailureException: 

Please refer to /home/runner/work/sca-jakarta-h2/sca-jakarta-h2/target/surefire-reports for the individual test results.
Please refer to dump files (if any exist) [date].dump, [date]-jvmRun[N].dump and [date].dumpstream.
    at org.apache.maven.plugin.surefire.SurefireHelper.throwException (SurefireHelper.java:247)
    at org.apache.maven.plugin.surefire.SurefireHelper.reportExecution (SurefireHelper.java:159)
    at org.apache.maven.plugin.surefire.SurefirePlugin.handleSummary (SurefirePlugin.java:542)
    at org.apache.maven.plugin.surefire.AbstractSurefireMojo.executeAfterPreconditionsChecked (AbstractSurefireMojo.java:1102)
    at org.apache.maven.plugin.surefire.AbstractSurefireMojo.execute (AbstractSurefireMojo.java:910)
    at org.apache.maven.plugin.DefaultBuildPluginManager.executeMojo (DefaultBuildPluginManager.java:126)
    at org.apache.maven.lifecycle.internal.MojoExecutor.doExecute2 (MojoExecutor.java:328)
    at org.apache.maven.lifecycle.internal.MojoExecutor.doExecute (MojoExecutor.java:316)
    at org.apache.maven.lifecycle.internal.MojoExecutor.execute (MojoExecutor.java:212)
    at org.apache.maven.lifecycle.internal.MojoExecutor.execute (MojoExecutor.java:174)
    at org.apache.maven.lifecycle.internal.MojoExecutor.access$000 (MojoExecutor.java:75)
    at org.apache.maven.lifecycle.internal.MojoExecutor$1.run (MojoExecutor.java:162)
    at org.apache.maven.plugin.DefaultMojosExecutionStrategy.execute (DefaultMojosExecutionStrategy.java:39)
    at org.apache.maven.lifecycle.internal.MojoExecutor.execute (MojoExecutor.java:159)
    at org.apache.maven.lifecycle.internal.LifecycleModuleBuilder.buildProject (LifecycleModuleBuilder.java:105)
    at org.apache.maven.lifecycle.internal.LifecycleModuleBuilder.buildProject (LifecycleModuleBuilder.java:73)
    at org.apache.maven.lifecycle.internal.builder.singlethreaded.SingleThreadedBuilder.build (SingleThreadedBuilder.java:53)
    at org.apache.maven.lifecycle.internal.LifecycleStarter.execute (LifecycleStarter.java:118)
    at org.apache.maven.DefaultMaven.doExecute (DefaultMaven.java:261)
    at org.apache.maven.DefaultMaven.doExecute (DefaultMaven.java:173)
    at org.apache.maven.DefaultMaven.execute (DefaultMaven.java:101)
    at org.apache.maven.cli.MavenCli.execute (MavenCli.java:919)
    at org.apache.maven.cli.MavenCli.doMain (MavenCli.java:285)
    at org.apache.maven.cli.MavenCli.main (MavenCli.java:207)
    at jdk.internal.reflect.NativeMethodAccessorImpl.invoke0 (Native Method)
    at jdk.internal.reflect.NativeMethodAccessorImpl.invoke (NativeMethodAccessorImpl.java:77)
    at jdk.internal.reflect.DelegatingMethodAccessorImpl.invoke (DelegatingMethodAccessorImpl.java:43)
    at java.lang.reflect.Method.invoke (Method.java:569)
    at org.codehaus.plexus.classworlds.launcher.Launcher.launchEnhanced (Launcher.java:255)
    at org.codehaus.plexus.classworlds.launcher.Launcher.launch (Launcher.java:201)
    at org.codehaus.plexus.classworlds.launcher.Launcher.mainWithExitCode (Launcher.java:362)
    at org.codehaus.plexus.classworlds.launcher.Launcher.main (Launcher.java:314)
[ERROR] 
[ERROR] Re-run Maven using the -X switch to enable full debug logging.
[ERROR] 
[ERROR] For more information about the errors and possible solutions, please read the following articles:
[ERROR] [Help 1] http://cwiki.apache.org/confluence/display/MAVEN/MojoFailureException
MAVEN_EXIT_CODE=1
