[INFO] Error stacktraces are turned on.
[INFO] Scanning for projects...
[INFO] 
[INFO] -----------< org.nonprofitbookkeeping:sca-ledger-h2-jakarta >-----------
[INFO] Building SCA Ledger (H2 + Jakarta) 0.2.0-SNAPSHOT
[INFO]   from pom.xml
[INFO] --------------------------------[ jar ]---------------------------------
[INFO] 
[INFO] --- resources:3.4.0:resources (default-resources) @ sca-ledger-h2-jakarta ---
[INFO] Copying 36 resources from src/main/resources to target/classes
[INFO] 
[INFO] --- compiler:3.13.0:compile (default-compile) @ sca-ledger-h2-jakarta ---
[INFO] Recompiling the module because of changed source code.
[INFO] Compiling 377 source files with javac [debug release 17] to target/classes
[INFO] /home/runner/work/sca-jakarta-h2/sca-jakarta-h2/src/main/java/org/nonprofitbookkeeping/ui/UserAdminPanel.java: Some input files use unchecked or unsafe operations.
[INFO] /home/runner/work/sca-jakarta-h2/sca-jakarta-h2/src/main/java/org/nonprofitbookkeeping/ui/UserAdminPanel.java: Recompile with -Xlint:unchecked for details.
[INFO] 
[INFO] --- resources:3.4.0:testResources (default-testResources) @ sca-ledger-h2-jakarta ---
[INFO] Copying 51 resources from src/test/resources to target/test-classes
[INFO] 
[INFO] --- compiler:3.13.0:testCompile (default-testCompile) @ sca-ledger-h2-jakarta ---
[INFO] Recompiling the module because of changed dependency.
[INFO] Compiling 160 source files with javac [debug release 17] to target/test-classes
[INFO] /home/runner/work/sca-jakarta-h2/sca-jakarta-h2/src/test/java/org/nonprofitbookkeeping/ui/CompanyTableStateBinderTest.java: /home/runner/work/sca-jakarta-h2/sca-jakarta-h2/src/test/java/org/nonprofitbookkeeping/ui/CompanyTableStateBinderTest.java uses or overrides a deprecated API.
[INFO] /home/runner/work/sca-jakarta-h2/sca-jakarta-h2/src/test/java/org/nonprofitbookkeeping/ui/CompanyTableStateBinderTest.java: Recompile with -Xlint:deprecation for details.
[INFO] /home/runner/work/sca-jakarta-h2/sca-jakarta-h2/src/test/java/org/nonprofitbookkeeping/ui/CompanyTableStateBinderTest.java: /home/runner/work/sca-jakarta-h2/sca-jakarta-h2/src/test/java/org/nonprofitbookkeeping/ui/CompanyTableStateBinderTest.java uses unchecked or unsafe operations.
[INFO] /home/runner/work/sca-jakarta-h2/sca-jakarta-h2/src/test/java/org/nonprofitbookkeeping/ui/CompanyTableStateBinderTest.java: Recompile with -Xlint:unchecked for details.
[INFO] 
[INFO] --- surefire:3.2.5:test (default-test) @ sca-ledger-h2-jakarta ---
[INFO] Surefire report directory: /home/runner/work/sca-jakarta-h2/sca-jakarta-h2/target/surefire-reports
[INFO] Using auto detected provider org.apache.maven.surefire.junitplatform.JUnitPlatformProvider
[INFO] 
[INFO] -------------------------------------------------------
[INFO]  T E S T S
[INFO] -------------------------------------------------------
[INFO] Running org.nonprofitbookkeeping.interchange.sclx.SclxAtomicFileWriterTest
[INFO] Tests run: 4, Failures: 0, Errors: 0, Skipped: 0, Time elapsed: 0.105 s -- in org.nonprofitbookkeeping.interchange.sclx.SclxAtomicFileWriterTest
[INFO] Running org.nonprofitbookkeeping.interchange.sclx.SclxJsonSerializerTest
[INFO] Tests run: 2, Failures: 0, Errors: 0, Skipped: 0, Time elapsed: 0.198 s -- in org.nonprofitbookkeeping.interchange.sclx.SclxJsonSerializerTest
[INFO] Running org.nonprofitbookkeeping.interchange.sclx.SclxFileExportServiceTest
[INFO] Tests run: 1, Failures: 0, Errors: 0, Skipped: 0, Time elapsed: 0.032 s -- in org.nonprofitbookkeeping.interchange.sclx.SclxFileExportServiceTest
[INFO] 
[INFO] Results:
[INFO] 
[INFO] Tests run: 7, Failures: 0, Errors: 0, Skipped: 0
[INFO] 
[INFO] ------------------------------------------------------------------------
[INFO] BUILD SUCCESS
[INFO] ------------------------------------------------------------------------
[INFO] Total time:  12.672 s
[INFO] Finished at: 2026-07-27T04:05:31Z
[INFO] ------------------------------------------------------------------------
MAVEN_EXIT_CODE=0
