expected chunk-00 1a22a5438edf52b8e795ee2664970d1d47014a1cd6406f89dafafd41c7bd879c
1a22a5438edf52b8e795ee2664970d1d47014a1cd6406f89dafafd41c7bd879c  .p15-publish/pr214-chunks/chunk-00
expected chunk-01 0c4757a9793d6b329a98de4838b404489829c829ff3634ba3352d085009cb50c
0c4757a9793d6b329a98de4838b404489829c829ff3634ba3352d085009cb50c  .p15-publish/pr214-chunks/chunk-01
expected chunk-02 08db36ce4b4f136c9a7ce49e1e7222aef6b3ed779269cda12ac089ecbcf7ddf0
08db36ce4b4f136c9a7ce49e1e7222aef6b3ed779269cda12ac089ecbcf7ddf0  .p15-publish/pr214-chunks/chunk-02
expected chunk-03 dad506da07fc5735034237af911c9bb55c07b12476291433e911ba9660582686
dad506da07fc5735034237af911c9bb55c07b12476291433e911ba9660582686  .p15-publish/pr214-chunks/chunk-03
expected chunk-04 ff4de3512e74e36fa8703b0970dac3334171e57e9f7e0983b3cd7a86857dde37
ff4de3512e74e36fa8703b0970dac3334171e57e9f7e0983b3cd7a86857dde37  .p15-publish/pr214-chunks/chunk-04
1900 .p15-publish/pr214-chunks/chunk-00
1900 .p15-publish/pr214-chunks/chunk-01
1900 .p15-publish/pr214-chunks/chunk-02
1900 .p15-publish/pr214-chunks/chunk-03
  84 .p15-publish/pr214-chunks/chunk-04
7684 total
expected encoded 54c96f135cbfaccf930e039cd7c851b4564a446dd6f4f0aa8a207e6d88892489
54c96f135cbfaccf930e039cd7c851b4564a446dd6f4f0aa8a207e6d88892489  /tmp/pr214.diff.gz.b64
decode status 0
expected gzip df1b530d7a9635903eb0189483cb35ee36ccd75d3ac3eb2c3e4bcc901cae5338
df1b530d7a9635903eb0189483cb35ee36ccd75d3ac3eb2c3e4bcc901cae5338  /tmp/pr214.diff.gz
gunzip status 0
expected diff 58a09bb477d16e318aaa6a1536dd4f4d535744eec6274375e28ce53d89c66991
58a09bb477d16e318aaa6a1536dd4f4d535744eec6274375e28ce53d89c66991  /tmp/pr214.diff
