MAVEN_EXIT_CODE=0

01:12:33.849 INFO  [main] o.f.core.internal.command.DbMigrate - Successfully applied 26 migrations to schema "public", now at version v62 (execution time 00:00.013s)
01:12:33.854 INFO  [main] org.flywaydb.core.FlywayExecutor - Database: jdbc:h2:mem:repo_test_57af8712-e154-454a-a7ea-cf959ba88e1e (H2 2.2)
01:12:33.856 INFO  [main] o.f.c.i.s.JdbcTableSchemaHistory - Schema history table "public"."flyway_schema_history" does not exist yet
01:12:33.856 INFO  [main] o.f.core.internal.command.DbValidate - Successfully validated 26 migrations (execution time 00:00.002s)
01:12:33.857 INFO  [main] o.f.c.i.s.JdbcTableSchemaHistory - Creating Schema History table "public"."flyway_schema_history" ...
01:12:33.857 INFO  [main] o.f.core.internal.command.DbMigrate - Current version of schema "public": << Empty Schema >>
01:12:33.859 INFO  [main] o.f.core.internal.command.DbMigrate - Migrating schema "public" to version "1 - init"
01:12:33.860 INFO  [main] o.f.core.internal.command.DbMigrate - Migrating schema "public" to version "2 - schedule items"
01:12:33.861 INFO  [main] o.f.core.internal.command.DbMigrate - Migrating schema "public" to version "3 - subtype schedule defaults"
01:12:33.862 INFO  [main] o.f.core.internal.command.DbMigrate - Migrating schema "public" to version "4 - journal open item core"
01:12:33.863 INFO  [main] o.f.core.internal.command.DbMigrate - Migrating schema "public" to version "5 - open item concurrency and fks"
01:12:33.864 INFO  [main] o.f.core.internal.command.DbMigrate - Migrating schema "public" to version "6 - workflow run records"
01:12:33.865 INFO  [main] o.f.core.internal.command.DbMigrate - Migrating schema "public" to version "7 - workflow run status constraints"
01:12:33.865 INFO  [main] o.f.core.internal.command.DbMigrate - Migrating schema "public" to version "8 - approval audit records"
01:12:33.866 INFO  [main] o.f.core.internal.command.DbMigrate - Migrating schema "public" to version "45 - add budget category"
01:12:33.868 INFO  [main] o.f.core.internal.command.DbMigrate - Migrating schema "public" to version "46 - company user admin foundation"
01:12:33.870 INFO  [main] o.f.core.internal.command.DbMigrate - Migrating schema "public" to version "47 - accounting period and audit"
01:12:33.871 INFO  [main] o.f.core.internal.command.DbMigrate - Migrating schema "public" to version "48 - transaction corrections"
01:12:33.873 INFO  [main] o.f.core.internal.command.DbMigrate - Migrating schema "public" to version "49 - txn reconciliation protection"
01:12:33.874 INFO  [main] o.f.core.internal.command.DbMigrate - Migrating schema "public" to version "50 - budget plan and line"
01:12:33.876 INFO  [main] o.f.core.internal.command.DbMigrate - Migrating schema "public" to version "51 - bank import batch and statement line"
01:12:33.879 INFO  [main] o.f.core.internal.command.DbMigrate - Migrating schema "public" to version "52 - bank and configured bank account"
01:12:33.882 INFO  [main] o.f.core.internal.command.DbMigrate - Migrating schema "public" to version "53 - bank import review all rows"
01:12:33.883 INFO  [main] o.f.core.internal.command.DbMigrate - Migrating schema "public" to version "54 - txn split cleared state"
01:12:33.885 INFO  [main] o.f.core.internal.command.DbMigrate - Migrating schema "public" to version "55 - fixed assets and depreciation"
01:12:33.887 INFO  [main] o.f.core.internal.command.DbMigrate - Migrating schema "public" to version "56 - inventory items and movements"
01:12:33.889 INFO  [main] o.f.core.internal.command.DbMigrate - Migrating schema "public" to version "57 - bank reconciliation workspace"
01:12:33.890 INFO  [main] o.f.core.internal.command.DbMigrate - Migrating schema "public" to version "58 - txn supplemental lines"
01:12:33.891 INFO  [main] o.f.core.internal.command.DbMigrate - Migrating schema "public" to version "59 - company ui preferences and state"
01:12:33.892 INFO  [main] o.f.core.internal.command.DbMigrate - Migrating schema "public" to version "60 - period close ranges"
01:12:33.897 INFO  [main] o.f.core.internal.command.DbMigrate - Migrating schema "public" to version "61 - company ownership and interchange identity"
01:12:33.906 INFO  [main] o.f.core.internal.command.DbMigrate - Migrating schema "public" to version "62 - txn portable identity"
01:12:33.908 INFO  [main] o.f.core.internal.command.DbMigrate - Successfully applied 26 migrations to schema "public", now at version v62 (execution time 00:00.016s)
[INFO] Tests run: 10, Failures: 0, Errors: 0, Skipped: 0, Time elapsed: 0.512 s -- in org.nonprofitbookkeeping.repository.JdbcOpenItemSnapshotRepositoryTest
[INFO] Running org.nonprofitbookkeeping.repository.JdbcJournalTransactionRepositoryTest
01:12:33.915 INFO  [main] org.flywaydb.core.FlywayExecutor - Database: jdbc:h2:mem:repo_test_ac7fe565-34ea-427b-aa36-e4faa8bb59c6 (H2 2.2)
01:12:33.917 INFO  [main] o.f.c.i.s.JdbcTableSchemaHistory - Schema history table "public"."flyway_schema_history" does not exist yet
01:12:33.917 INFO  [main] o.f.core.internal.command.DbValidate - Successfully validated 26 migrations (execution time 00:00.001s)
01:12:33.917 INFO  [main] o.f.c.i.s.JdbcTableSchemaHistory - Creating Schema History table "public"."flyway_schema_history" ...
01:12:33.918 INFO  [main] o.f.core.internal.command.DbMigrate - Current version of schema "public": << Empty Schema >>
01:12:33.919 INFO  [main] o.f.core.internal.command.DbMigrate - Migrating schema "public" to version "1 - init"
01:12:33.921 INFO  [main] o.f.core.internal.command.DbMigrate - Migrating schema "public" to version "2 - schedule items"
01:12:33.921 INFO  [main] o.f.core.internal.command.DbMigrate - Migrating schema "public" to version "3 - subtype schedule defaults"
01:12:33.922 INFO  [main] o.f.core.internal.command.DbMigrate - Migrating schema "public" to version "4 - journal open item core"
01:12:33.923 INFO  [main] o.f.core.internal.command.DbMigrate - Migrating schema "public" to version "5 - open item concurrency and fks"
01:12:33.924 INFO  [main] o.f.core.internal.command.DbMigrate - Migrating schema "public" to version "6 - workflow run records"
01:12:33.924 INFO  [main] o.f.core.internal.command.DbMigrate - Migrating schema "public" to version "7 - workflow run status constraints"
01:12:33.925 INFO  [main] o.f.core.internal.command.DbMigrate - Migrating schema "public" to version "8 - approval audit records"
01:12:33.925 INFO  [main] o.f.core.internal.command.DbMigrate - Migrating schema "public" to version "45 - add budget category"
01:12:33.927 INFO  [main] o.f.core.internal.command.DbMigrate - Migrating schema "public" to version "46 - company user admin foundation"
01:12:33.928 INFO  [main] o.f.core.internal.command.DbMigrate - Migrating schema "public" to version "47 - accounting period and audit"
01:12:33.928 INFO  [main] o.f.core.internal.command.DbMigrate - Migrating schema "public" to version "48 - transaction corrections"
01:12:33.930 INFO  [main] o.f.core.internal.command.DbMigrate - Migrating schema "public" to version "49 - txn reconciliation protection"
01:12:33.930 INFO  [main] o.f.core.internal.command.DbMigrate - Migrating schema "public" to version "50 - budget plan and line"
01:12:33.932 INFO  [main] o.f.core.internal.command.DbMigrate - Migrating schema "public" to version "51 - bank import batch and statement line"
01:12:33.933 INFO  [main] o.f.core.internal.command.DbMigrate - Migrating schema "public" to version "52 - bank and configured bank account"
01:12:33.936 INFO  [main] o.f.core.internal.command.DbMigrate - Migrating schema "public" to version "53 - bank import review all rows"
01:12:33.947 INFO  [main] o.f.core.internal.command.DbMigrate - Migrating schema "public" to version "54 - txn split cleared state"
01:12:33.949 INFO  [main] o.f.core.internal.command.DbMigrate - Migrating schema "public" to version "55 - fixed assets and depreciation"
01:12:33.950 INFO  [main] o.f.core.internal.command.DbMigrate - Migrating schema "public" to version "56 - inventory items and movements"
01:12:33.951 INFO  [main] o.f.core.internal.command.DbMigrate - Migrating schema "public" to version "57 - bank reconciliation workspace"
01:12:33.952 INFO  [main] o.f.core.internal.command.DbMigrate - Migrating schema "public" to version "58 - txn supplemental lines"
01:12:33.953 INFO  [main] o.f.core.internal.command.DbMigrate - Migrating schema "public" to version "59 - company ui preferences and state"
01:12:33.954 INFO  [main] o.f.core.internal.command.DbMigrate - Migrating schema "public" to version "60 - period close ranges"
01:12:33.957 INFO  [main] o.f.core.internal.command.DbMigrate - Migrating schema "public" to version "61 - company ownership and interchange identity"
01:12:33.962 INFO  [main] o.f.core.internal.command.DbMigrate - Migrating schema "public" to version "62 - txn portable identity"
01:12:33.963 INFO  [main] o.f.core.internal.command.DbMigrate - Successfully applied 26 migrations to schema "public", now at version v62 (execution time 00:00.010s)
01:12:33.968 INFO  [main] org.flywaydb.core.FlywayExecutor - Database: jdbc:h2:mem:repo_test_aa154a5c-1546-41c9-b403-0ac2ea796881 (H2 2.2)
01:12:33.970 INFO  [main] o.f.c.i.s.JdbcTableSchemaHistory - Schema history table "public"."flyway_schema_history" does not exist yet
01:12:33.970 INFO  [main] o.f.core.internal.command.DbValidate - Successfully validated 26 migrations (execution time 00:00.001s)
01:12:33.970 INFO  [main] o.f.c.i.s.JdbcTableSchemaHistory - Creating Schema History table "public"."flyway_schema_history" ...
01:12:33.971 INFO  [main] o.f.core.internal.command.DbMigrate - Current version of schema "public": << Empty Schema >>
01:12:33.972 INFO  [main] o.f.core.internal.command.DbMigrate - Migrating schema "public" to version "1 - init"
01:12:33.973 INFO  [main] o.f.core.internal.command.DbMigrate - Migrating schema "public" to version "2 - schedule items"
01:12:33.974 INFO  [main] o.f.core.internal.command.DbMigrate - Migrating schema "public" to version "3 - subtype schedule defaults"
01:12:33.975 INFO  [main] o.f.core.internal.command.DbMigrate - Migrating schema "public" to version "4 - journal open item core"
01:12:33.975 INFO  [main] o.f.core.internal.command.DbMigrate - Migrating schema "public" to version "5 - open item concurrency and fks"
01:12:33.976 INFO  [main] o.f.core.internal.command.DbMigrate - Migrating schema "public" to version "6 - workflow run records"
01:12:33.977 INFO  [main] o.f.core.internal.command.DbMigrate - Migrating schema "public" to version "7 - workflow run status constraints"
01:12:33.977 INFO  [main] o.f.core.internal.command.DbMigrate - Migrating schema "public" to version "8 - approval audit records"
01:12:33.977 INFO  [main] o.f.core.internal.command.DbMigrate - Migrating schema "public" to version "45 - add budget category"
01:12:33.979 INFO  [main] o.f.core.internal.command.DbMigrate - Migrating schema "public" to version "46 - company user admin foundation"
01:12:33.980 INFO  [main] o.f.core.internal.command.DbMigrate - Migrating schema "public" to version "47 - accounting period and audit"
01:12:33.981 INFO  [main] o.f.core.internal.command.DbMigrate - Migrating schema "public" to version "48 - transaction corrections"
01:12:33.982 INFO  [main] o.f.core.internal.command.DbMigrate - Migrating schema "public" to version "49 - txn reconciliation protection"
01:12:33.983 INFO  [main] o.f.core.internal.command.DbMigrate - Migrating schema "public" to version "50 - budget plan and line"
01:12:33.984 INFO  [main] o.f.core.internal.command.DbMigrate - Migrating schema "public" to version "51 - bank import batch and statement line"
01:12:33.986 INFO  [main] o.f.core.internal.command.DbMigrate - Migrating schema "public" to version "52 - bank and configured bank account"
01:12:33.988 INFO  [main] o.f.core.internal.command.DbMigrate - Migrating schema "public" to version "53 - bank import review all rows"
01:12:33.989 INFO  [main] o.f.core.internal.command.DbMigrate - Migrating schema "public" to version "54 - txn split cleared state"
01:12:33.991 INFO  [main] o.f.core.internal.command.DbMigrate - Migrating schema "public" to version "55 - fixed assets and depreciation"
01:12:33.992 INFO  [main] o.f.core.internal.command.DbMigrate - Migrating schema "public" to version "56 - inventory items and movements"
01:12:33.993 INFO  [main] o.f.core.internal.command.DbMigrate - Migrating schema "public" to version "57 - bank reconciliation workspace"
01:12:33.994 INFO  [main] o.f.core.internal.command.DbMigrate - Migrating schema "public" to version "58 - txn supplemental lines"
01:12:33.995 INFO  [main] o.f.core.internal.command.DbMigrate - Migrating schema "public" to version "59 - company ui preferences and state"
01:12:33.995 INFO  [main] o.f.core.internal.command.DbMigrate - Migrating schema "public" to version "60 - period close ranges"
01:12:33.998 INFO  [main] o.f.core.internal.command.DbMigrate - Migrating schema "public" to version "61 - company ownership and interchange identity"
01:12:34.005 INFO  [main] o.f.core.internal.command.DbMigrate - Migrating schema "public" to version "62 - txn portable identity"
01:12:34.006 INFO  [main] o.f.core.internal.command.DbMigrate - Successfully applied 26 migrations to schema "public", now at version v62 (execution time 00:00.010s)
[INFO] Tests run: 2, Failures: 0, Errors: 0, Skipped: 0, Time elapsed: 0.096 s -- in org.nonprofitbookkeeping.repository.JdbcJournalTransactionRepositoryTest
[INFO] Running org.nonprofitbookkeeping.repository.JdbcPeriodCloseRunRepositoryTest
01:12:34.010 INFO  [main] org.flywaydb.core.FlywayExecutor - Database: jdbc:h2:mem:repo_test_f3d0db3a-6449-4254-aa93-cae9654c8a9a (H2 2.2)
01:12:34.012 INFO  [main] o.f.c.i.s.JdbcTableSchemaHistory - Schema history table "public"."flyway_schema_history" does not exist yet
01:12:34.012 INFO  [main] o.f.core.internal.command.DbValidate - Successfully validated 26 migrations (execution time 00:00.001s)
01:12:34.012 INFO  [main] o.f.c.i.s.JdbcTableSchemaHistory - Creating Schema History table "public"."flyway_schema_history" ...
01:12:34.012 INFO  [main] o.f.core.internal.command.DbMigrate - Current version of schema "public": << Empty Schema >>
01:12:34.014 INFO  [main] o.f.core.internal.command.DbMigrate - Migrating schema "public" to version "1 - init"
01:12:34.015 INFO  [main] o.f.core.internal.command.DbMigrate - Migrating schema "public" to version "2 - schedule items"
01:12:34.016 INFO  [main] o.f.core.internal.command.DbMigrate - Migrating schema "public" to version "3 - subtype schedule defaults"
01:12:34.017 INFO  [main] o.f.core.internal.command.DbMigrate - Migrating schema "public" to version "4 - journal open item core"
01:12:34.018 INFO  [main] o.f.core.internal.command.DbMigrate - Migrating schema "public" to version "5 - open item concurrency and fks"
01:12:34.018 INFO  [main] o.f.core.internal.command.DbMigrate - Migrating schema "public" to version "6 - workflow run records"
01:12:34.019 INFO  [main] o.f.core.internal.command.DbMigrate - Migrating schema "public" to version "7 - workflow run status constraints"
01:12:34.019 INFO  [main] o.f.core.internal.command.DbMigrate - Migrating schema "public" to version "8 - approval audit records"
01:12:34.020 INFO  [main] o.f.core.internal.command.DbMigrate - Migrating schema "public" to version "45 - add budget category"
01:12:34.021 INFO  [main] o.f.core.internal.command.DbMigrate - Migrating schema "public" to version "46 - company user admin foundation"
01:12:34.022 INFO  [main] o.f.core.internal.command.DbMigrate - Migrating schema "public" to version "47 - accounting period and audit"
01:12:34.023 INFO  [main] o.f.core.internal.command.DbMigrate - Migrating schema "public" to version "48 - transaction corrections"
01:12:34.024 INFO  [main] o.f.core.internal.command.DbMigrate - Migrating schema "public" to version "49 - txn reconciliation protection"
01:12:34.025 INFO  [main] o.f.core.internal.command.DbMigrate - Migrating schema "public" to version "50 - budget plan and line"
01:12:34.027 INFO  [main] o.f.core.internal.command.DbMigrate - Migrating schema "public" to version "51 - bank import batch and statement line"
01:12:34.028 INFO  [main] o.f.core.internal.command.DbMigrate - Migrating schema "public" to version "52 - bank and configured bank account"
01:12:34.031 INFO  [main] o.f.core.internal.command.DbMigrate - Migrating schema "public" to version "53 - bank import review all rows"
01:12:34.031 INFO  [main] o.f.core.internal.command.DbMigrate - Migrating schema "public" to version "54 - txn split cleared state"
01:12:34.033 INFO  [main] o.f.core.internal.command.DbMigrate - Migrating schema "public" to version "55 - fixed assets and depreciation"
01:12:34.035 INFO  [main] o.f.core.internal.command.DbMigrate - Migrating schema "public" to version "56 - inventory items and movements"
01:12:34.036 INFO  [main] o.f.core.internal.command.DbMigrate - Migrating schema "public" to version "57 - bank reconciliation workspace"
01:12:34.037 INFO  [main] o.f.core.internal.command.DbMigrate - Migrating schema "public" to version "58 - txn supplemental lines"
01:12:34.037 INFO  [main] o.f.core.internal.command.DbMigrate - Migrating schema "public" to version "59 - company ui preferences and state"
01:12:34.038 INFO  [main] o.f.core.internal.command.DbMigrate - Migrating schema "public" to version "60 - period close ranges"
01:12:34.041 INFO  [main] o.f.core.internal.command.DbMigrate - Migrating schema "public" to version "61 - company ownership and interchange identity"
01:12:34.047 INFO  [main] o.f.core.internal.command.DbMigrate - Migrating schema "public" to version "62 - txn portable identity"
01:12:34.048 INFO  [main] o.f.core.internal.command.DbMigrate - Successfully applied 26 migrations to schema "public", now at version v62 (execution time 00:00.010s)
01:12:34.052 INFO  [main] org.flywaydb.core.FlywayExecutor - Database: jdbc:h2:mem:repo_test_2b9297b4-78ff-4549-a1da-b40832f60f84 (H2 2.2)
01:12:34.054 INFO  [main] o.f.c.i.s.JdbcTableSchemaHistory - Schema history table "public"."flyway_schema_history" does not exist yet
01:12:34.054 INFO  [main] o.f.core.internal.command.DbValidate - Successfully validated 26 migrations (execution time 00:00.001s)
01:12:34.055 INFO  [main] o.f.c.i.s.JdbcTableSchemaHistory - Creating Schema History table "public"."flyway_schema_history" ...
01:12:34.055 INFO  [main] o.f.core.internal.command.DbMigrate - Current version of schema "public": << Empty Schema >>
01:12:34.056 INFO  [main] o.f.core.internal.command.DbMigrate - Migrating schema "public" to version "1 - init"
01:12:34.058 INFO  [main] o.f.core.internal.command.DbMigrate - Migrating schema "public" to version "2 - schedule items"
01:12:34.059 INFO  [main] o.f.core.internal.command.DbMigrate - Migrating schema "public" to version "3 - subtype schedule defaults"
01:12:34.060 INFO  [main] o.f.core.internal.command.DbMigrate - Migrating schema "public" to version "4 - journal open item core"
01:12:34.060 INFO  [main] o.f.core.internal.command.DbMigrate - Migrating schema "public" to version "5 - open item concurrency and fks"
01:12:34.061 INFO  [main] o.f.core.internal.command.DbMigrate - Migrating schema "public" to version "6 - workflow run records"
01:12:34.062 INFO  [main] o.f.core.internal.command.DbMigrate - Migrating schema "public" to version "7 - workflow run status constraints"
01:12:34.062 INFO  [main] o.f.core.internal.command.DbMigrate - Migrating schema "public" to version "8 - approval audit records"
01:12:34.063 INFO  [main] o.f.core.internal.command.DbMigrate - Migrating schema "public" to version "45 - add budget category"
01:12:34.065 INFO  [main] o.f.core.internal.command.DbMigrate - Migrating schema "public" to version "46 - company user admin foundation"
01:12:34.067 INFO  [main] o.f.core.internal.command.DbMigrate - Migrating schema "public" to version "47 - accounting period and audit"
01:12:34.068 INFO  [main] o.f.core.internal.command.DbMigrate - Migrating schema "public" to version "48 - transaction corrections"
01:12:34.070 INFO  [main] o.f.core.internal.command.DbMigrate - Migrating schema "public" to version "49 - txn reconciliation protection"
01:12:34.071 INFO  [main] o.f.core.internal.command.DbMigrate - Migrating schema "public" to version "50 - budget plan and line"
01:12:34.073 INFO  [main] o.f.core.internal.command.DbMigrate - Migrating schema "public" to version "51 - bank import batch and statement line"
01:12:34.075 INFO  [main] o.f.core.internal.command.DbMigrate - Migrating schema "public" to version "52 - bank and configured bank account"
01:12:34.079 INFO  [main] o.f.core.internal.command.DbMigrate - Migrating schema "public" to version "53 - bank import review all rows"
01:12:34.080 INFO  [main] o.f.core.internal.command.DbMigrate - Migrating schema "public" to version "54 - txn split cleared state"
01:12:34.083 INFO  [main] o.f.core.internal.command.DbMigrate - Migrating schema "public" to version "55 - fixed assets and depreciation"
01:12:34.085 INFO  [main] o.f.core.internal.command.DbMigrate - Migrating schema "public" to version "56 - inventory items and movements"
01:12:34.086 INFO  [main] o.f.core.internal.command.DbMigrate - Migrating schema "public" to version "57 - bank reconciliation workspace"
01:12:34.087 INFO  [main] o.f.core.internal.command.DbMigrate - Migrating schema "public" to version "58 - txn supplemental lines"
01:12:34.088 INFO  [main] o.f.core.internal.command.DbMigrate - Migrating schema "public" to version "59 - company ui preferences and state"
01:12:34.089 INFO  [main] o.f.core.internal.command.DbMigrate - Migrating schema "public" to version "60 - period close ranges"
01:12:34.094 INFO  [main] o.f.core.internal.command.DbMigrate - Migrating schema "public" to version "61 - company ownership and interchange identity"
01:12:34.103 INFO  [main] o.f.core.internal.command.DbMigrate - Migrating schema "public" to version "62 - txn portable identity"
01:12:34.105 INFO  [main] o.f.core.internal.command.DbMigrate - Successfully applied 26 migrations to schema "public", now at version v62 (execution time 00:00.019s)
01:12:34.110 INFO  [main] org.flywaydb.core.FlywayExecutor - Database: jdbc:h2:mem:repo_test_5b2ba775-f20a-410a-bffe-1ee1fe9a3539 (H2 2.2)
01:12:34.113 INFO  [main] o.f.c.i.s.JdbcTableSchemaHistory - Schema history table "public"."flyway_schema_history" does not exist yet
01:12:34.113 INFO  [main] o.f.core.internal.command.DbValidate - Successfully validated 26 migrations (execution time 00:00.002s)
01:12:34.113 INFO  [main] o.f.c.i.s.JdbcTableSchemaHistory - Creating Schema History table "public"."flyway_schema_history" ...
01:12:34.114 INFO  [main] o.f.core.internal.command.DbMigrate - Current version of schema "public": << Empty Schema >>
01:12:34.116 INFO  [main] o.f.core.internal.command.DbMigrate - Migrating schema "public" to version "1 - init"
01:12:34.118 INFO  [main] o.f.core.internal.command.DbMigrate - Migrating schema "public" to version "2 - schedule items"
01:12:34.120 INFO  [main] o.f.core.internal.command.DbMigrate - Migrating schema "public" to version "3 - subtype schedule defaults"
01:12:34.121 INFO  [main] o.f.core.internal.command.DbMigrate - Migrating schema "public" to version "4 - journal open item core"
01:12:34.122 INFO  [main] o.f.core.internal.command.DbMigrate - Migrating schema "public" to version "5 - open item concurrency and fks"
01:12:34.123 INFO  [main] o.f.core.internal.command.DbMigrate - Migrating schema "public" to version "6 - workflow run records"
01:12:34.123 INFO  [main] o.f.core.internal.command.DbMigrate - Migrating schema "public" to version "7 - workflow run status constraints"
01:12:34.124 INFO  [main] o.f.core.internal.command.DbMigrate - Migrating schema "public" to version "8 - approval audit records"
01:12:34.124 INFO  [main] o.f.core.internal.command.DbMigrate - Migrating schema "public" to version "45 - add budget category"
01:12:34.127 INFO  [main] o.f.core.internal.command.DbMigrate - Migrating schema "public" to version "46 - company user admin foundation"
01:12:34.128 INFO  [main] o.f.core.internal.command.DbMigrate - Migrating schema "public" to version "47 - accounting period and audit"
01:12:34.129 INFO  [main] o.f.core.internal.command.DbMigrate - Migrating schema "public" to version "48 - transaction corrections"
01:12:34.132 INFO  [main] o.f.core.internal.command.DbMigrate - Migrating schema "public" to version "49 - txn reconciliation protection"
01:12:34.133 INFO  [main] o.f.core.internal.command.DbMigrate - Migrating schema "public" to version "50 - budget plan and line"
01:12:34.135 INFO  [main] o.f.core.internal.command.DbMigrate - Migrating schema "public" to version "51 - bank import batch and statement line"
01:12:34.137 INFO  [main] o.f.core.internal.command.DbMigrate - Migrating schema "public" to version "52 - bank and configured bank account"
01:12:34.141 INFO  [main] o.f.core.internal.command.DbMigrate - Migrating schema "public" to version "53 - bank import review all rows"
01:12:34.141 INFO  [main] o.f.core.internal.command.DbMigrate - Migrating schema "public" to version "54 - txn split cleared state"
01:12:34.144 INFO  [main] o.f.core.internal.command.DbMigrate - Migrating schema "public" to version "55 - fixed assets and depreciation"
01:12:34.146 INFO  [main] o.f.core.internal.command.DbMigrate - Migrating schema "public" to version "56 - inventory items and movements"
01:12:34.148 INFO  [main] o.f.core.internal.command.DbMigrate - Migrating schema "public" to version "57 - bank reconciliation workspace"
01:12:34.149 INFO  [main] o.f.core.internal.command.DbMigrate - Migrating schema "public" to version "58 - txn supplemental lines"
01:12:34.150 INFO  [main] o.f.core.internal.command.DbMigrate - Migrating schema "public" to version "59 - company ui preferences and state"
01:12:34.151 INFO  [main] o.f.core.internal.command.DbMigrate - Migrating schema "public" to version "60 - period close ranges"
01:12:34.156 INFO  [main] o.f.core.internal.command.DbMigrate - Migrating schema "public" to version "61 - company ownership and interchange identity"
01:12:34.165 INFO  [main] o.f.core.internal.command.DbMigrate - Migrating schema "public" to version "62 - txn portable identity"
01:12:34.167 INFO  [main] o.f.core.internal.command.DbMigrate - Successfully applied 26 migrations to schema "public", now at version v62 (execution time 00:00.017s)
[INFO] Tests run: 3, Failures: 0, Errors: 0, Skipped: 0, Time elapsed: 0.161 s -- in org.nonprofitbookkeeping.repository.JdbcPeriodCloseRunRepositoryTest
[INFO] Running org.nonprofitbookkeeping.report.ReportRequestTest
[INFO] Tests run: 5, Failures: 0, Errors: 0, Skipped: 0, Time elapsed: 0.004 s -- in org.nonprofitbookkeeping.report.ReportRequestTest
[INFO] Running org.nonprofitbookkeeping.report.ReportExecutionServiceIntegrationTest
[NPBK] Preparing database: /tmp/junit3251826569354004285/report-execution
[NPBK] Flyway migration starting.
[NPBK] JDBC URL: jdbc:h2:file:/tmp/junit3251826569354004285/report-execution;MODE=PostgreSQL;DATABASE_TO_LOWER=TRUE;DEFAULT_NULL_ORDERING=HIGH;INIT=CREATE SCHEMA IF NOT EXISTS PUBLIC\;SET SCHEMA PUBLIC
01:12:34.182 INFO  [main] org.flywaydb.core.FlywayExecutor - Database: jdbc:h2:file:/tmp/junit3251826569354004285/report-execution (H2 2.2)
01:12:34.185 INFO  [main] o.f.c.i.s.JdbcTableSchemaHistory - Schema history table "public"."flyway_schema_history" does not exist yet
01:12:34.185 INFO  [main] o.f.core.internal.command.DbValidate - Successfully validated 26 migrations (execution time 00:00.002s)
01:12:34.185 INFO  [main] o.f.c.i.s.JdbcTableSchemaHistory - Creating Schema History table "public"."flyway_schema_history" ...
01:12:34.186 INFO  [main] o.f.core.internal.command.DbMigrate - Current version of schema "public": << Empty Schema >>
01:12:34.188 INFO  [main] o.f.core.internal.command.DbMigrate - Migrating schema "public" to version "1 - init"
01:12:34.191 INFO  [main] o.f.core.internal.command.DbMigrate - Migrating schema "public" to version "2 - schedule items"
01:12:34.192 INFO  [main] o.f.core.internal.command.DbMigrate - Migrating schema "public" to version "3 - subtype schedule defaults"
01:12:34.193 INFO  [main] o.f.core.internal.command.DbMigrate - Migrating schema "public" to version "4 - journal open item core"
01:12:34.194 INFO  [main] o.f.core.internal.command.DbMigrate - Migrating schema "public" to version "5 - open item concurrency and fks"
01:12:34.195 INFO  [main] o.f.core.internal.command.DbMigrate - Migrating schema "public" to version "6 - workflow run records"
01:12:34.195 INFO  [main] o.f.core.internal.command.DbMigrate - Migrating schema "public" to version "7 - workflow run status constraints"
01:12:34.196 INFO  [main] o.f.core.internal.command.DbMigrate - Migrating schema "public" to version "8 - approval audit records"
01:12:34.197 INFO  [main] o.f.core.internal.command.DbMigrate - Migrating schema "public" to version "45 - add budget category"
01:12:34.199 INFO  [main] o.f.core.internal.command.DbMigrate - Migrating schema "public" to version "46 - company user admin foundation"
01:12:34.200 INFO  [main] o.f.core.internal.command.DbMigrate - Migrating schema "public" to version "47 - accounting period and audit"
01:12:34.201 INFO  [main] o.f.core.internal.command.DbMigrate - Migrating schema "public" to version "48 - transaction corrections"
01:12:34.204 INFO  [main] o.f.core.internal.command.DbMigrate - Migrating schema "public" to version "49 - txn reconciliation protection"
01:12:34.205 INFO  [main] o.f.core.internal.command.DbMigrate - Migrating schema "public" to version "50 - budget plan and line"
01:12:34.207 INFO  [main] o.f.core.internal.command.DbMigrate - Migrating schema "public" to version "51 - bank import batch and statement line"
01:12:34.209 INFO  [main] o.f.core.internal.command.DbMigrate - Migrating schema "public" to version "52 - bank and configured bank account"
01:12:34.212 INFO  [main] o.f.core.internal.command.DbMigrate - Migrating schema "public" to version "53 - bank import review all rows"
01:12:34.213 INFO  [main] o.f.core.internal.command.DbMigrate - Migrating schema "public" to version "54 - txn split cleared state"
01:12:34.215 INFO  [main] o.f.core.internal.command.DbMigrate - Migrating schema "public" to version "55 - fixed assets and depreciation"
01:12:34.216 INFO  [main] o.f.core.internal.command.DbMigrate - Migrating schema "public" to version "56 - inventory items and movements"
01:12:34.217 INFO  [main] o.f.core.internal.command.DbMigrate - Migrating schema "public" to version "57 - bank reconciliation workspace"
01:12:34.218 INFO  [main] o.f.core.internal.command.DbMigrate - Migrating schema "public" to version "58 - txn supplemental lines"
01:12:34.219 INFO  [main] o.f.core.internal.command.DbMigrate - Migrating schema "public" to version "59 - company ui preferences and state"
01:12:34.219 INFO  [main] o.f.core.internal.command.DbMigrate - Migrating schema "public" to version "60 - period close ranges"
01:12:34.222 INFO  [main] o.f.core.internal.command.DbMigrate - Migrating schema "public" to version "61 - company ownership and interchange identity"
01:12:34.230 INFO  [main] o.f.core.internal.command.DbMigrate - Migrating schema "public" to version "62 - txn portable identity"
01:12:34.231 INFO  [main] o.f.core.internal.command.DbMigrate - Successfully applied 26 migrations to schema "public", now at version v62 (execution time 00:00.014s)
[NPBK] Flyway migration complete.
[NPBK] Creating JPA EntityManagerFactory for selected database.
01:12:34.325 INFO  [main] com.zaxxer.hikari.HikariDataSource - HikariPool-93 - Starting...
01:12:34.331 INFO  [main] com.zaxxer.hikari.HikariDataSource - HikariPool-93 - Start completed.
[NPBK] JPA EntityManagerFactory created for selected database.
01:12:34.420 INFO  [main] com.zaxxer.hikari.HikariDataSource - HikariPool-93 - Shutdown initiated...
01:12:34.510 INFO  [main] com.zaxxer.hikari.HikariDataSource - HikariPool-93 - Shutdown completed.
[INFO] Tests run: 1, Failures: 0, Errors: 0, Skipped: 0, Time elapsed: 0.338 s -- in org.nonprofitbookkeeping.report.ReportExecutionServiceIntegrationTest
[INFO] Running org.nonprofitbookkeeping.feature.CapabilityCoverageCatalogTest
[INFO] Tests run: 2, Failures: 0, Errors: 0, Skipped: 0, Time elapsed: 0.001 s -- in org.nonprofitbookkeeping.feature.CapabilityCoverageCatalogTest
[INFO] 
[INFO] Results:
[INFO] 
[WARNING] Tests run: 430, Failures: 0, Errors: 0, Skipped: 28
[INFO] 
[INFO] 
[INFO] --- jar:3.5.0:jar (default-jar) @ sca-ledger-h2-jakarta ---
[INFO] Building jar: /home/runner/work/sca-jakarta-h2/sca-jakarta-h2/target/sca-ledger-h2-jakarta-0.2.0-SNAPSHOT.jar
[INFO] ------------------------------------------------------------------------
[INFO] BUILD SUCCESS
[INFO] ------------------------------------------------------------------------
[INFO] Total time:  48.466 s
[INFO] Finished at: 2026-07-28T01:12:35Z
[INFO] ------------------------------------------------------------------------
