encoded expected 54c96f135cbfaccf930e039cd7c851b4564a446dd6f4f0aa8a207e6d88892489
ad19d8ddc2189a461837ae51f7db85dac2d6b5403d9ddbe5a0aee767a14bd56c  .p15-publish/pr214.diff.gz.b64
decode status 0
gzip expected df1b530d7a9635903eb0189483cb35ee36ccd75d3ac3eb2c3e4bcc901cae5338
414e670753c46598824e809aebe447af2f63ea91af7eba3fe58e19e86bd3c59b  /tmp/pr214.diff.gz

gzip: /tmp/pr214.diff.gz: invalid compressed data--crc error
gunzip status 1
diff expected 58a09bb477d16e318aaa6a1536dd4f4d535744eec6274375e28ce53d89c66991
431ef10f7eda9e759356cc1de4fd7e0aa3aaed49344ce8797c2ce1fc927bfc78  /tmp/pr214.diff
patch dry run
checking file doc/P15-S4-sclx-export-ui-user-testing.md
checking file doc/data-exchange/sclx.md
checking file doc/data-exchange/shared-operation-contract.md
checking file src/main/java/org/nonprofitbookkeeping/model/Bank.java
checking file src/main/java/org/nonprofitbookkeeping/model/BankImportBatch.java
checking file src/main/java/org/nonprofitbookkeeping/model/BankStatementLine.java
checking file src/main/java/org/nonprofitbookkeeping/model/CompanyBankAccount.java
checking file src/main/java/org/nonprofitbookkeeping/model/ImportIssue.java
checking file src/main/resources/db/migration/V64__banking_portable_identity.sql
checking file src/test/java/org/nonprofitbookkeeping/model/BankingPortableIdentityTest.java
checking file src/test/java/org/nonprofitbookkeeping/persistence/BankingPortableIdentityMigrationTest.java
patch status 0
