MAVEN_EXIT_CODE=1

04:12:53.047 INFO  [main] o.f.core.internal.command.DbMigrate - Migrating schema "public" to version "3 - subtype schedule defaults"
04:12:53.048 INFO  [main] o.f.core.internal.command.DbMigrate - Migrating schema "public" to version "4 - journal open item core"
04:12:53.049 INFO  [main] o.f.core.internal.command.DbMigrate - Migrating schema "public" to version "5 - open item concurrency and fks"
04:12:53.050 INFO  [main] o.f.core.internal.command.DbMigrate - Migrating schema "public" to version "6 - workflow run records"
04:12:53.051 INFO  [main] o.f.core.internal.command.DbMigrate - Migrating schema "public" to version "7 - workflow run status constraints"
04:12:53.051 INFO  [main] o.f.core.internal.command.DbMigrate - Migrating schema "public" to version "8 - approval audit records"
04:12:53.052 INFO  [main] o.f.core.internal.command.DbMigrate - Migrating schema "public" to version "45 - add budget category"
04:12:53.054 INFO  [main] o.f.core.internal.command.DbMigrate - Migrating schema "public" to version "46 - company user admin foundation"
04:12:53.056 INFO  [main] o.f.core.internal.command.DbMigrate - Migrating schema "public" to version "47 - accounting period and audit"
04:12:53.057 INFO  [main] o.f.core.internal.command.DbMigrate - Migrating schema "public" to version "48 - transaction corrections"
04:12:53.059 INFO  [main] o.f.core.internal.command.DbMigrate - Migrating schema "public" to version "49 - txn reconciliation protection"
04:12:53.060 INFO  [main] o.f.core.internal.command.DbMigrate - Migrating schema "public" to version "50 - budget plan and line"
04:12:53.061 INFO  [main] o.f.core.internal.command.DbMigrate - Migrating schema "public" to version "51 - bank import batch and statement line"
04:12:53.063 INFO  [main] o.f.core.internal.command.DbMigrate - Migrating schema "public" to version "52 - bank and configured bank account"
04:12:53.067 INFO  [main] o.f.core.internal.command.DbMigrate - Migrating schema "public" to version "53 - bank import review all rows"
04:12:53.067 INFO  [main] o.f.core.internal.command.DbMigrate - Migrating schema "public" to version "54 - txn split cleared state"
04:12:53.070 INFO  [main] o.f.core.internal.command.DbMigrate - Migrating schema "public" to version "55 - fixed assets and depreciation"
04:12:53.071 INFO  [main] o.f.core.internal.command.DbMigrate - Migrating schema "public" to version "56 - inventory items and movements"
04:12:53.073 INFO  [main] o.f.core.internal.command.DbMigrate - Migrating schema "public" to version "57 - bank reconciliation workspace"
04:12:53.074 INFO  [main] o.f.core.internal.command.DbMigrate - Migrating schema "public" to version "58 - txn supplemental lines"
04:12:53.075 INFO  [main] o.f.core.internal.command.DbMigrate - Migrating schema "public" to version "59 - company ui preferences and state"
04:12:53.076 INFO  [main] o.f.core.internal.command.DbMigrate - Migrating schema "public" to version "60 - period close ranges"
04:12:53.080 INFO  [main] o.f.core.internal.command.DbMigrate - Migrating schema "public" to version "61 - company ownership and interchange identity"
04:12:53.088 INFO  [main] o.f.core.internal.command.DbMigrate - Migrating schema "public" to version "62 - txn portable identity"
04:12:53.090 INFO  [main] o.f.core.internal.command.DbMigrate - Migrating schema "public" to version "63 - counterparty merchant portable identity"
04:12:53.091 INFO  [main] o.f.core.internal.command.DbMigrate - Successfully applied 27 migrations to schema "public", now at version v63 (execution time 00:00.014s)
04:12:53.097 INFO  [main] org.flywaydb.core.FlywayExecutor - Database: jdbc:h2:mem:repo_test_4c1767d8-1f33-4745-b340-846883b4fdac (H2 2.2)
04:12:53.100 INFO  [main] o.f.c.i.s.JdbcTableSchemaHistory - Schema history table "public"."flyway_schema_history" does not exist yet
04:12:53.100 INFO  [main] o.f.core.internal.command.DbValidate - Successfully validated 27 migrations (execution time 00:00.002s)
04:12:53.101 INFO  [main] o.f.c.i.s.JdbcTableSchemaHistory - Creating Schema History table "public"."flyway_schema_history" ...
04:12:53.101 INFO  [main] o.f.core.internal.command.DbMigrate - Current version of schema "public": << Empty Schema >>
04:12:53.103 INFO  [main] o.f.core.internal.command.DbMigrate - Migrating schema "public" to version "1 - init"
04:12:53.107 INFO  [main] o.f.core.internal.command.DbMigrate - Migrating schema "public" to version "2 - schedule items"
04:12:53.108 INFO  [main] o.f.core.internal.command.DbMigrate - Migrating schema "public" to version "3 - subtype schedule defaults"
04:12:53.109 INFO  [main] o.f.core.internal.command.DbMigrate - Migrating schema "public" to version "4 - journal open item core"
04:12:53.110 INFO  [main] o.f.core.internal.command.DbMigrate - Migrating schema "public" to version "5 - open item concurrency and fks"
04:12:53.112 INFO  [main] o.f.core.internal.command.DbMigrate - Migrating schema "public" to version "6 - workflow run records"
04:12:53.112 INFO  [main] o.f.core.internal.command.DbMigrate - Migrating schema "public" to version "7 - workflow run status constraints"
04:12:53.113 INFO  [main] o.f.core.internal.command.DbMigrate - Migrating schema "public" to version "8 - approval audit records"
04:12:53.114 INFO  [main] o.f.core.internal.command.DbMigrate - Migrating schema "public" to version "45 - add budget category"
04:12:53.117 INFO  [main] o.f.core.internal.command.DbMigrate - Migrating schema "public" to version "46 - company user admin foundation"
04:12:53.119 INFO  [main] o.f.core.internal.command.DbMigrate - Migrating schema "public" to version "47 - accounting period and audit"
04:12:53.120 INFO  [main] o.f.core.internal.command.DbMigrate - Migrating schema "public" to version "48 - transaction corrections"
04:12:53.122 INFO  [main] o.f.core.internal.command.DbMigrate - Migrating schema "public" to version "49 - txn reconciliation protection"
04:12:53.124 INFO  [main] o.f.core.internal.command.DbMigrate - Migrating schema "public" to version "50 - budget plan and line"
04:12:53.126 INFO  [main] o.f.core.internal.command.DbMigrate - Migrating schema "public" to version "51 - bank import batch and statement line"
04:12:53.129 INFO  [main] o.f.core.internal.command.DbMigrate - Migrating schema "public" to version "52 - bank and configured bank account"
04:12:53.133 INFO  [main] o.f.core.internal.command.DbMigrate - Migrating schema "public" to version "53 - bank import review all rows"
04:12:53.134 INFO  [main] o.f.core.internal.command.DbMigrate - Migrating schema "public" to version "54 - txn split cleared state"
04:12:53.138 INFO  [main] o.f.core.internal.command.DbMigrate - Migrating schema "public" to version "55 - fixed assets and depreciation"
04:12:53.140 INFO  [main] o.f.core.internal.command.DbMigrate - Migrating schema "public" to version "56 - inventory items and movements"
04:12:53.141 INFO  [main] o.f.core.internal.command.DbMigrate - Migrating schema "public" to version "57 - bank reconciliation workspace"
04:12:53.143 INFO  [main] o.f.core.internal.command.DbMigrate - Migrating schema "public" to version "58 - txn supplemental lines"
04:12:53.144 INFO  [main] o.f.core.internal.command.DbMigrate - Migrating schema "public" to version "59 - company ui preferences and state"
04:12:53.144 INFO  [main] o.f.core.internal.command.DbMigrate - Migrating schema "public" to version "60 - period close ranges"
04:12:53.148 INFO  [main] o.f.core.internal.command.DbMigrate - Migrating schema "public" to version "61 - company ownership and interchange identity"
04:12:53.157 INFO  [main] o.f.core.internal.command.DbMigrate - Migrating schema "public" to version "62 - txn portable identity"
04:12:53.159 INFO  [main] o.f.core.internal.command.DbMigrate - Migrating schema "public" to version "63 - counterparty merchant portable identity"
04:12:53.160 INFO  [main] o.f.core.internal.command.DbMigrate - Successfully applied 27 migrations to schema "public", now at version v63 (execution time 00:00.021s)
[INFO] Tests run: 2, Failures: 0, Errors: 0, Skipped: 0, Time elapsed: 0.127 s -- in org.nonprofitbookkeeping.repository.JdbcJournalTransactionRepositoryTest
[INFO] Running org.nonprofitbookkeeping.repository.JdbcPeriodCloseRunRepositoryTest
04:12:53.166 INFO  [main] org.flywaydb.core.FlywayExecutor - Database: jdbc:h2:mem:repo_test_2e07b6c1-1cc9-4af4-a0be-9d98ef34a14b (H2 2.2)
04:12:53.169 INFO  [main] o.f.c.i.s.JdbcTableSchemaHistory - Schema history table "public"."flyway_schema_history" does not exist yet
04:12:53.169 INFO  [main] o.f.core.internal.command.DbValidate - Successfully validated 27 migrations (execution time 00:00.002s)
04:12:53.169 INFO  [main] o.f.c.i.s.JdbcTableSchemaHistory - Creating Schema History table "public"."flyway_schema_history" ...
04:12:53.170 INFO  [main] o.f.core.internal.command.DbMigrate - Current version of schema "public": << Empty Schema >>
04:12:53.171 INFO  [main] o.f.core.internal.command.DbMigrate - Migrating schema "public" to version "1 - init"
04:12:53.174 INFO  [main] o.f.core.internal.command.DbMigrate - Migrating schema "public" to version "2 - schedule items"
04:12:53.175 INFO  [main] o.f.core.internal.command.DbMigrate - Migrating schema "public" to version "3 - subtype schedule defaults"
04:12:53.176 INFO  [main] o.f.core.internal.command.DbMigrate - Migrating schema "public" to version "4 - journal open item core"
04:12:53.177 INFO  [main] o.f.core.internal.command.DbMigrate - Migrating schema "public" to version "5 - open item concurrency and fks"
04:12:53.178 INFO  [main] o.f.core.internal.command.DbMigrate - Migrating schema "public" to version "6 - workflow run records"
04:12:53.179 INFO  [main] o.f.core.internal.command.DbMigrate - Migrating schema "public" to version "7 - workflow run status constraints"
04:12:53.179 INFO  [main] o.f.core.internal.command.DbMigrate - Migrating schema "public" to version "8 - approval audit records"
04:12:53.180 INFO  [main] o.f.core.internal.command.DbMigrate - Migrating schema "public" to version "45 - add budget category"
04:12:53.182 INFO  [main] o.f.core.internal.command.DbMigrate - Migrating schema "public" to version "46 - company user admin foundation"
04:12:53.184 INFO  [main] o.f.core.internal.command.DbMigrate - Migrating schema "public" to version "47 - accounting period and audit"
04:12:53.185 INFO  [main] o.f.core.internal.command.DbMigrate - Migrating schema "public" to version "48 - transaction corrections"
04:12:53.187 INFO  [main] o.f.core.internal.command.DbMigrate - Migrating schema "public" to version "49 - txn reconciliation protection"
04:12:53.188 INFO  [main] o.f.core.internal.command.DbMigrate - Migrating schema "public" to version "50 - budget plan and line"
04:12:53.189 INFO  [main] o.f.core.internal.command.DbMigrate - Migrating schema "public" to version "51 - bank import batch and statement line"
04:12:53.191 INFO  [main] o.f.core.internal.command.DbMigrate - Migrating schema "public" to version "52 - bank and configured bank account"
04:12:53.195 INFO  [main] o.f.core.internal.command.DbMigrate - Migrating schema "public" to version "53 - bank import review all rows"
04:12:53.195 INFO  [main] o.f.core.internal.command.DbMigrate - Migrating schema "public" to version "54 - txn split cleared state"
04:12:53.198 INFO  [main] o.f.core.internal.command.DbMigrate - Migrating schema "public" to version "55 - fixed assets and depreciation"
04:12:53.217 INFO  [main] o.f.core.internal.command.DbMigrate - Migrating schema "public" to version "56 - inventory items and movements"
04:12:53.219 INFO  [main] o.f.core.internal.command.DbMigrate - Migrating schema "public" to version "57 - bank reconciliation workspace"
04:12:53.220 INFO  [main] o.f.core.internal.command.DbMigrate - Migrating schema "public" to version "58 - txn supplemental lines"
04:12:53.221 INFO  [main] o.f.core.internal.command.DbMigrate - Migrating schema "public" to version "59 - company ui preferences and state"
04:12:53.221 INFO  [main] o.f.core.internal.command.DbMigrate - Migrating schema "public" to version "60 - period close ranges"
04:12:53.226 INFO  [main] o.f.core.internal.command.DbMigrate - Migrating schema "public" to version "61 - company ownership and interchange identity"
04:12:53.233 INFO  [main] o.f.core.internal.command.DbMigrate - Migrating schema "public" to version "62 - txn portable identity"
04:12:53.235 INFO  [main] o.f.core.internal.command.DbMigrate - Migrating schema "public" to version "63 - counterparty merchant portable identity"
04:12:53.237 INFO  [main] o.f.core.internal.command.DbMigrate - Successfully applied 27 migrations to schema "public", now at version v63 (execution time 00:00.012s)
04:12:53.242 INFO  [main] org.flywaydb.core.FlywayExecutor - Database: jdbc:h2:mem:repo_test_812e46d2-e70b-47da-b8c8-cf9aa9d876d7 (H2 2.2)
04:12:53.245 INFO  [main] o.f.c.i.s.JdbcTableSchemaHistory - Schema history table "public"."flyway_schema_history" does not exist yet
04:12:53.245 INFO  [main] o.f.core.internal.command.DbValidate - Successfully validated 27 migrations (execution time 00:00.002s)
04:12:53.245 INFO  [main] o.f.c.i.s.JdbcTableSchemaHistory - Creating Schema History table "public"."flyway_schema_history" ...
04:12:53.246 INFO  [main] o.f.core.internal.command.DbMigrate - Current version of schema "public": << Empty Schema >>
04:12:53.247 INFO  [main] o.f.core.internal.command.DbMigrate - Migrating schema "public" to version "1 - init"
04:12:53.249 INFO  [main] o.f.core.internal.command.DbMigrate - Migrating schema "public" to version "2 - schedule items"
04:12:53.250 INFO  [main] o.f.core.internal.command.DbMigrate - Migrating schema "public" to version "3 - subtype schedule defaults"
04:12:53.251 INFO  [main] o.f.core.internal.command.DbMigrate - Migrating schema "public" to version "4 - journal open item core"
04:12:53.252 INFO  [main] o.f.core.internal.command.DbMigrate - Migrating schema "public" to version "5 - open item concurrency and fks"
04:12:53.253 INFO  [main] o.f.core.internal.command.DbMigrate - Migrating schema "public" to version "6 - workflow run records"
04:12:53.254 INFO  [main] o.f.core.internal.command.DbMigrate - Migrating schema "public" to version "7 - workflow run status constraints"
04:12:53.254 INFO  [main] o.f.core.internal.command.DbMigrate - Migrating schema "public" to version "8 - approval audit records"
04:12:53.255 INFO  [main] o.f.core.internal.command.DbMigrate - Migrating schema "public" to version "45 - add budget category"
04:12:53.257 INFO  [main] o.f.core.internal.command.DbMigrate - Migrating schema "public" to version "46 - company user admin foundation"
04:12:53.259 INFO  [main] o.f.core.internal.command.DbMigrate - Migrating schema "public" to version "47 - accounting period and audit"
04:12:53.260 INFO  [main] o.f.core.internal.command.DbMigrate - Migrating schema "public" to version "48 - transaction corrections"
04:12:53.262 INFO  [main] o.f.core.internal.command.DbMigrate - Migrating schema "public" to version "49 - txn reconciliation protection"
04:12:53.263 INFO  [main] o.f.core.internal.command.DbMigrate - Migrating schema "public" to version "50 - budget plan and line"
04:12:53.264 INFO  [main] o.f.core.internal.command.DbMigrate - Migrating schema "public" to version "51 - bank import batch and statement line"
04:12:53.266 INFO  [main] o.f.core.internal.command.DbMigrate - Migrating schema "public" to version "52 - bank and configured bank account"
04:12:53.270 INFO  [main] o.f.core.internal.command.DbMigrate - Migrating schema "public" to version "53 - bank import review all rows"
04:12:53.270 INFO  [main] o.f.core.internal.command.DbMigrate - Migrating schema "public" to version "54 - txn split cleared state"
04:12:53.273 INFO  [main] o.f.core.internal.command.DbMigrate - Migrating schema "public" to version "55 - fixed assets and depreciation"
04:12:53.275 INFO  [main] o.f.core.internal.command.DbMigrate - Migrating schema "public" to version "56 - inventory items and movements"
04:12:53.276 INFO  [main] o.f.core.internal.command.DbMigrate - Migrating schema "public" to version "57 - bank reconciliation workspace"
04:12:53.277 INFO  [main] o.f.core.internal.command.DbMigrate - Migrating schema "public" to version "58 - txn supplemental lines"
04:12:53.278 INFO  [main] o.f.core.internal.command.DbMigrate - Migrating schema "public" to version "59 - company ui preferences and state"
04:12:53.279 INFO  [main] o.f.core.internal.command.DbMigrate - Migrating schema "public" to version "60 - period close ranges"
04:12:53.283 INFO  [main] o.f.core.internal.command.DbMigrate - Migrating schema "public" to version "61 - company ownership and interchange identity"
04:12:53.291 INFO  [main] o.f.core.internal.command.DbMigrate - Migrating schema "public" to version "62 - txn portable identity"
04:12:53.293 INFO  [main] o.f.core.internal.command.DbMigrate - Migrating schema "public" to version "63 - counterparty merchant portable identity"
04:12:53.294 INFO  [main] o.f.core.internal.command.DbMigrate - Successfully applied 27 migrations to schema "public", now at version v63 (execution time 00:00.014s)
04:12:53.299 INFO  [main] org.flywaydb.core.FlywayExecutor - Database: jdbc:h2:mem:repo_test_e00f8385-0650-4084-aed5-916ec512e10f (H2 2.2)
04:12:53.302 INFO  [main] o.f.c.i.s.JdbcTableSchemaHistory - Schema history table "public"."flyway_schema_history" does not exist yet
04:12:53.302 INFO  [main] o.f.core.internal.command.DbValidate - Successfully validated 27 migrations (execution time 00:00.002s)
04:12:53.302 INFO  [main] o.f.c.i.s.JdbcTableSchemaHistory - Creating Schema History table "public"."flyway_schema_history" ...
04:12:53.303 INFO  [main] o.f.core.internal.command.DbMigrate - Current version of schema "public": << Empty Schema >>
04:12:53.304 INFO  [main] o.f.core.internal.command.DbMigrate - Migrating schema "public" to version "1 - init"
04:12:53.306 INFO  [main] o.f.core.internal.command.DbMigrate - Migrating schema "public" to version "2 - schedule items"
04:12:53.307 INFO  [main] o.f.core.internal.command.DbMigrate - Migrating schema "public" to version "3 - subtype schedule defaults"
04:12:53.308 INFO  [main] o.f.core.internal.command.DbMigrate - Migrating schema "public" to version "4 - journal open item core"
04:12:53.309 INFO  [main] o.f.core.internal.command.DbMigrate - Migrating schema "public" to version "5 - open item concurrency and fks"
04:12:53.310 INFO  [main] o.f.core.internal.command.DbMigrate - Migrating schema "public" to version "6 - workflow run records"
04:12:53.311 INFO  [main] o.f.core.internal.command.DbMigrate - Migrating schema "public" to version "7 - workflow run status constraints"
04:12:53.311 INFO  [main] o.f.core.internal.command.DbMigrate - Migrating schema "public" to version "8 - approval audit records"
04:12:53.312 INFO  [main] o.f.core.internal.command.DbMigrate - Migrating schema "public" to version "45 - add budget category"
04:12:53.314 INFO  [main] o.f.core.internal.command.DbMigrate - Migrating schema "public" to version "46 - company user admin foundation"
04:12:53.316 INFO  [main] o.f.core.internal.command.DbMigrate - Migrating schema "public" to version "47 - accounting period and audit"
04:12:53.317 INFO  [main] o.f.core.internal.command.DbMigrate - Migrating schema "public" to version "48 - transaction corrections"
04:12:53.318 INFO  [main] o.f.core.internal.command.DbMigrate - Migrating schema "public" to version "49 - txn reconciliation protection"
04:12:53.320 INFO  [main] o.f.core.internal.command.DbMigrate - Migrating schema "public" to version "50 - budget plan and line"
04:12:53.321 INFO  [main] o.f.core.internal.command.DbMigrate - Migrating schema "public" to version "51 - bank import batch and statement line"
04:12:53.323 INFO  [main] o.f.core.internal.command.DbMigrate - Migrating schema "public" to version "52 - bank and configured bank account"
04:12:53.326 INFO  [main] o.f.core.internal.command.DbMigrate - Migrating schema "public" to version "53 - bank import review all rows"
04:12:53.327 INFO  [main] o.f.core.internal.command.DbMigrate - Migrating schema "public" to version "54 - txn split cleared state"
04:12:53.330 INFO  [main] o.f.core.internal.command.DbMigrate - Migrating schema "public" to version "55 - fixed assets and depreciation"
04:12:53.332 INFO  [main] o.f.core.internal.command.DbMigrate - Migrating schema "public" to version "56 - inventory items and movements"
04:12:53.333 INFO  [main] o.f.core.internal.command.DbMigrate - Migrating schema "public" to version "57 - bank reconciliation workspace"
04:12:53.334 INFO  [main] o.f.core.internal.command.DbMigrate - Migrating schema "public" to version "58 - txn supplemental lines"
04:12:53.335 INFO  [main] o.f.core.internal.command.DbMigrate - Migrating schema "public" to version "59 - company ui preferences and state"
04:12:53.336 INFO  [main] o.f.core.internal.command.DbMigrate - Migrating schema "public" to version "60 - period close ranges"
04:12:53.340 INFO  [main] o.f.core.internal.command.DbMigrate - Migrating schema "public" to version "61 - company ownership and interchange identity"
04:12:53.349 INFO  [main] o.f.core.internal.command.DbMigrate - Migrating schema "public" to version "62 - txn portable identity"
04:12:53.350 INFO  [main] o.f.core.internal.command.DbMigrate - Migrating schema "public" to version "63 - counterparty merchant portable identity"
04:12:53.352 INFO  [main] o.f.core.internal.command.DbMigrate - Successfully applied 27 migrations to schema "public", now at version v63 (execution time 00:00.014s)
[INFO] Tests run: 3, Failures: 0, Errors: 0, Skipped: 0, Time elapsed: 0.190 s -- in org.nonprofitbookkeeping.repository.JdbcPeriodCloseRunRepositoryTest
[INFO] Running org.nonprofitbookkeeping.report.ReportRequestTest
[INFO] Tests run: 5, Failures: 0, Errors: 0, Skipped: 0, Time elapsed: 0.004 s -- in org.nonprofitbookkeeping.report.ReportRequestTest
[INFO] Running org.nonprofitbookkeeping.report.ReportExecutionServiceIntegrationTest
[NPBK] Preparing database: /tmp/junit4381375931720040606/report-execution
[NPBK] Flyway migration starting.
[NPBK] JDBC URL: jdbc:h2:file:/tmp/junit4381375931720040606/report-execution;MODE=PostgreSQL;DATABASE_TO_LOWER=TRUE;DEFAULT_NULL_ORDERING=HIGH;INIT=CREATE SCHEMA IF NOT EXISTS PUBLIC\;SET SCHEMA PUBLIC
04:12:53.368 INFO  [main] org.flywaydb.core.FlywayExecutor - Database: jdbc:h2:file:/tmp/junit4381375931720040606/report-execution (H2 2.2)
04:12:53.370 INFO  [main] o.f.c.i.s.JdbcTableSchemaHistory - Schema history table "public"."flyway_schema_history" does not exist yet
04:12:53.371 INFO  [main] o.f.core.internal.command.DbValidate - Successfully validated 27 migrations (execution time 00:00.002s)
04:12:53.371 INFO  [main] o.f.c.i.s.JdbcTableSchemaHistory - Creating Schema History table "public"."flyway_schema_history" ...
04:12:53.371 INFO  [main] o.f.core.internal.command.DbMigrate - Current version of schema "public": << Empty Schema >>
04:12:53.373 INFO  [main] o.f.core.internal.command.DbMigrate - Migrating schema "public" to version "1 - init"
04:12:53.375 INFO  [main] o.f.core.internal.command.DbMigrate - Migrating schema "public" to version "2 - schedule items"
04:12:53.376 INFO  [main] o.f.core.internal.command.DbMigrate - Migrating schema "public" to version "3 - subtype schedule defaults"
04:12:53.377 INFO  [main] o.f.core.internal.command.DbMigrate - Migrating schema "public" to version "4 - journal open item core"
04:12:53.378 INFO  [main] o.f.core.internal.command.DbMigrate - Migrating schema "public" to version "5 - open item concurrency and fks"
04:12:53.379 INFO  [main] o.f.core.internal.command.DbMigrate - Migrating schema "public" to version "6 - workflow run records"
04:12:53.380 INFO  [main] o.f.core.internal.command.DbMigrate - Migrating schema "public" to version "7 - workflow run status constraints"
04:12:53.380 INFO  [main] o.f.core.internal.command.DbMigrate - Migrating schema "public" to version "8 - approval audit records"
04:12:53.381 INFO  [main] o.f.core.internal.command.DbMigrate - Migrating schema "public" to version "45 - add budget category"
04:12:53.383 INFO  [main] o.f.core.internal.command.DbMigrate - Migrating schema "public" to version "46 - company user admin foundation"
04:12:53.385 INFO  [main] o.f.core.internal.command.DbMigrate - Migrating schema "public" to version "47 - accounting period and audit"
04:12:53.386 INFO  [main] o.f.core.internal.command.DbMigrate - Migrating schema "public" to version "48 - transaction corrections"
04:12:53.388 INFO  [main] o.f.core.internal.command.DbMigrate - Migrating schema "public" to version "49 - txn reconciliation protection"
04:12:53.389 INFO  [main] o.f.core.internal.command.DbMigrate - Migrating schema "public" to version "50 - budget plan and line"
04:12:53.391 INFO  [main] o.f.core.internal.command.DbMigrate - Migrating schema "public" to version "51 - bank import batch and statement line"
04:12:53.393 INFO  [main] o.f.core.internal.command.DbMigrate - Migrating schema "public" to version "52 - bank and configured bank account"
04:12:53.396 INFO  [main] o.f.core.internal.command.DbMigrate - Migrating schema "public" to version "53 - bank import review all rows"
04:12:53.397 INFO  [main] o.f.core.internal.command.DbMigrate - Migrating schema "public" to version "54 - txn split cleared state"
04:12:53.400 INFO  [main] o.f.core.internal.command.DbMigrate - Migrating schema "public" to version "55 - fixed assets and depreciation"
04:12:53.401 INFO  [main] o.f.core.internal.command.DbMigrate - Migrating schema "public" to version "56 - inventory items and movements"
04:12:53.403 INFO  [main] o.f.core.internal.command.DbMigrate - Migrating schema "public" to version "57 - bank reconciliation workspace"
04:12:53.404 INFO  [main] o.f.core.internal.command.DbMigrate - Migrating schema "public" to version "58 - txn supplemental lines"
04:12:53.405 INFO  [main] o.f.core.internal.command.DbMigrate - Migrating schema "public" to version "59 - company ui preferences and state"
04:12:53.406 INFO  [main] o.f.core.internal.command.DbMigrate - Migrating schema "public" to version "60 - period close ranges"
04:12:53.410 INFO  [main] o.f.core.internal.command.DbMigrate - Migrating schema "public" to version "61 - company ownership and interchange identity"
04:12:53.419 INFO  [main] o.f.core.internal.command.DbMigrate - Migrating schema "public" to version "62 - txn portable identity"
04:12:53.421 INFO  [main] o.f.core.internal.command.DbMigrate - Migrating schema "public" to version "63 - counterparty merchant portable identity"
04:12:53.422 INFO  [main] o.f.core.internal.command.DbMigrate - Successfully applied 27 migrations to schema "public", now at version v63 (execution time 00:00.015s)
[NPBK] Flyway migration complete.
[NPBK] Creating JPA EntityManagerFactory for selected database.
04:12:53.472 INFO  [main] com.zaxxer.hikari.HikariDataSource - HikariPool-93 - Starting...
04:12:53.479 INFO  [main] com.zaxxer.hikari.HikariDataSource - HikariPool-93 - Start completed.
[NPBK] JPA EntityManagerFactory created for selected database.
04:12:53.583 INFO  [main] com.zaxxer.hikari.HikariDataSource - HikariPool-93 - Shutdown initiated...
04:12:53.588 INFO  [main] com.zaxxer.hikari.HikariDataSource - HikariPool-93 - Shutdown completed.
[INFO] Tests run: 1, Failures: 0, Errors: 0, Skipped: 0, Time elapsed: 0.232 s -- in org.nonprofitbookkeeping.report.ReportExecutionServiceIntegrationTest
[INFO] Running org.nonprofitbookkeeping.feature.CapabilityCoverageCatalogTest
[INFO] Tests run: 2, Failures: 0, Errors: 0, Skipped: 0, Time elapsed: 0.005 s -- in org.nonprofitbookkeeping.feature.CapabilityCoverageCatalogTest
[INFO] 
[INFO] Results:
[INFO] 
[ERROR] Failures: 
[ERROR]   SclxExportCoordinatorTest.resultSummaryNamesScopeCountsWarningsExclusionsAndHash:196 expected: <true> but was: <false>
[INFO] 
[ERROR] Tests run: 438, Failures: 1, Errors: 0, Skipped: 28
[INFO] 
[INFO] ------------------------------------------------------------------------
[INFO] BUILD FAILURE
[INFO] ------------------------------------------------------------------------
[INFO] Total time:  58.230 s
[INFO] Finished at: 2026-07-28T04:12:53Z
[INFO] ------------------------------------------------------------------------
[ERROR] Failed to execute goal org.apache.maven.plugins:maven-surefire-plugin:3.2.5:test (default-test) on project sca-ledger-h2-jakarta: There are test failures.
[ERROR] 
[ERROR] Please refer to /home/runner/work/sca-jakarta-h2/sca-jakarta-h2/target/surefire-reports for the individual test results.
[ERROR] Please refer to dump files (if any exist) [date].dump, [date]-jvmRun[N].dump and [date].dumpstream.
[ERROR] -> [Help 1]
org.apache.maven.lifecycle.LifecycleExecutionException: Failed to execute goal org.apache.maven.plugins:maven-surefire-plugin:3.2.5:test (default-test) on project sca-ledger-h2-jakarta: There are test failures.

Please refer to /home/runner/work/sca-jakarta-h2/sca-jakarta-h2/target/surefire-reports for the individual test results.
Please refer to dump files (if any exist) [date].dump, [date]-jvmRun[N].dump and [date].dumpstream.
    at org.apache.maven.lifecycle.internal.MojoExecutor.doExecute2 (MojoExecutor.java:333)
    at org.apache.maven.lifecycle.internal.MojoExecutor.doExecute (MojoExecutor.java:316)
    at org.apache.maven.lifecycle.internal.MojoExecutor.execute (MojoExecutor.java:212)
    at org.apache.maven.lifecycle.internal.MojoExecutor.execute (MojoExecutor.java:174)
    at org.apache.maven.lifecycle.internal.MojoExecutor.access$000 (MojoExecutor.java:75)
    at org.apache.maven.lifecycle.internal.MojoExecutor$1.run (MojoExecutor.java:162)
    at org.apache.maven.plugin.DefaultMojosExecutionStrategy.execute (DefaultMojosExecutionStrategy.java:39)
    at org.apache.maven.lifecycle.internal.MojoExecutor.execute (MojoExecutor.java:159)
    at org.apache.maven.lifecycle.internal.LifecycleModuleBuilder.buildProject (LifecycleModuleBuilder.java:105)
    at org.apache.maven.lifecycle.internal.LifecycleModuleBuilder.buildProject (LifecycleModuleBuilder.java:73)
    at org.apache.maven.lifecycle.internal.builder.singlethreaded.SingleThreadedBuilder.build (SingleThreadedBuilder.java:53)
    at org.apache.maven.lifecycle.internal.LifecycleStarter.execute (LifecycleStarter.java:118)
    at org.apache.maven.DefaultMaven.doExecute (DefaultMaven.java:261)
    at org.apache.maven.DefaultMaven.doExecute (DefaultMaven.java:173)
    at org.apache.maven.DefaultMaven.execute (DefaultMaven.java:101)
    at org.apache.maven.cli.MavenCli.execute (MavenCli.java:919)
    at org.apache.maven.cli.MavenCli.doMain (MavenCli.java:285)
    at org.apache.maven.cli.MavenCli.main (MavenCli.java:207)
    at jdk.internal.reflect.NativeMethodAccessorImpl.invoke0 (Native Method)
    at jdk.internal.reflect.NativeMethodAccessorImpl.invoke (NativeMethodAccessorImpl.java:77)
    at jdk.internal.reflect.DelegatingMethodAccessorImpl.invoke (DelegatingMethodAccessorImpl.java:43)
    at java.lang.reflect.Method.invoke (Method.java:569)
    at org.codehaus.plexus.classworlds.launcher.Launcher.launchEnhanced (Launcher.java:255)
    at org.codehaus.plexus.classworlds.launcher.Launcher.launch (Launcher.java:201)
    at org.codehaus.plexus.classworlds.launcher.Launcher.mainWithExitCode (Launcher.java:362)
    at org.codehaus.plexus.classworlds.launcher.Launcher.main (Launcher.java:314)
Caused by: org.apache.maven.plugin.MojoFailureException: There are test failures.

Please refer to /home/runner/work/sca-jakarta-h2/sca-jakarta-h2/target/surefire-reports for the individual test results.
Please refer to dump files (if any exist) [date].dump, [date]-jvmRun[N].dump and [date].dumpstream.
    at org.apache.maven.plugin.surefire.SurefireHelper.throwException (SurefireHelper.java:247)
    at org.apache.maven.plugin.surefire.SurefireHelper.reportExecution (SurefireHelper.java:159)
    at org.apache.maven.plugin.surefire.SurefirePlugin.handleSummary (SurefirePlugin.java:542)
    at org.apache.maven.plugin.surefire.AbstractSurefireMojo.executeAfterPreconditionsChecked (AbstractSurefireMojo.java:1102)
    at org.apache.maven.plugin.surefire.AbstractSurefireMojo.execute (AbstractSurefireMojo.java:910)
    at org.apache.maven.plugin.DefaultBuildPluginManager.executeMojo (DefaultBuildPluginManager.java:126)
    at org.apache.maven.lifecycle.internal.MojoExecutor.doExecute2 (MojoExecutor.java:328)
    at org.apache.maven.lifecycle.internal.MojoExecutor.doExecute (MojoExecutor.java:316)
    at org.apache.maven.lifecycle.internal.MojoExecutor.execute (MojoExecutor.java:212)
    at org.apache.maven.lifecycle.internal.MojoExecutor.execute (MojoExecutor.java:174)
    at org.apache.maven.lifecycle.internal.MojoExecutor.access$000 (MojoExecutor.java:75)
    at org.apache.maven.lifecycle.internal.MojoExecutor$1.run (MojoExecutor.java:162)
    at org.apache.maven.plugin.DefaultMojosExecutionStrategy.execute (DefaultMojosExecutionStrategy.java:39)
    at org.apache.maven.lifecycle.internal.MojoExecutor.execute (MojoExecutor.java:159)
    at org.apache.maven.lifecycle.internal.LifecycleModuleBuilder.buildProject (LifecycleModuleBuilder.java:105)
    at org.apache.maven.lifecycle.internal.LifecycleModuleBuilder.buildProject (LifecycleModuleBuilder.java:73)
    at org.apache.maven.lifecycle.internal.builder.singlethreaded.SingleThreadedBuilder.build (SingleThreadedBuilder.java:53)
    at org.apache.maven.lifecycle.internal.LifecycleStarter.execute (LifecycleStarter.java:118)
    at org.apache.maven.DefaultMaven.doExecute (DefaultMaven.java:261)
    at org.apache.maven.DefaultMaven.doExecute (DefaultMaven.java:173)
    at org.apache.maven.DefaultMaven.execute (DefaultMaven.java:101)
    at org.apache.maven.cli.MavenCli.execute (MavenCli.java:919)
    at org.apache.maven.cli.MavenCli.doMain (MavenCli.java:285)
    at org.apache.maven.cli.MavenCli.main (MavenCli.java:207)
    at jdk.internal.reflect.NativeMethodAccessorImpl.invoke0 (Native Method)
    at jdk.internal.reflect.NativeMethodAccessorImpl.invoke (NativeMethodAccessorImpl.java:77)
    at jdk.internal.reflect.DelegatingMethodAccessorImpl.invoke (DelegatingMethodAccessorImpl.java:43)
    at java.lang.reflect.Method.invoke (Method.java:569)
    at org.codehaus.plexus.classworlds.launcher.Launcher.launchEnhanced (Launcher.java:255)
    at org.codehaus.plexus.classworlds.launcher.Launcher.launch (Launcher.java:201)
    at org.codehaus.plexus.classworlds.launcher.Launcher.mainWithExitCode (Launcher.java:362)
    at org.codehaus.plexus.classworlds.launcher.Launcher.main (Launcher.java:314)
[ERROR] 
[ERROR] Re-run Maven using the -X switch to enable full debug logging.
[ERROR] 
[ERROR] For more information about the errors and possible solutions, please read the following articles:
[ERROR] [Help 1] http://cwiki.apache.org/confluence/display/MAVEN/MojoFailureException
